#
# There is insufficient memory for the Java Runtime Environment to continue.
# Native memory allocation (malloc) failed to allocate 1288656 bytes for Chunk::new
# Possible reasons:
#   The system is out of physical RAM or swap space
#   The process is running with CompressedOops enabled, and the Java Heap may be blocking the growth of the native heap
# Possible solutions:
#   Reduce memory load on the system
#   Increase physical memory or swap space
#   Check if swap backing store is full
#   Decrease Java heap size (-Xmx/-Xms)
#   Decrease number of Java threads
#   Decrease Java thread stack sizes (-Xss)
#   Set larger code cache with -XX:ReservedCodeCacheSize=
#   JVM is running with Unscaled Compressed Oops mode in which the Java heap is
#     placed in the first 4GB address space. The Java Heap base address is the
#     maximum limit for the native heap growth. Please use -XX:HeapBaseMinAddress
#     to set the Java Heap base and to place the Java Heap above 4GB virtual address.
# This output file may be truncated or incomplete.
#
#  Out of Memory Error (arena.cpp:168), pid=40212, tid=36096
#
# JRE version: Java(TM) SE Runtime Environment (21.0.10+8) (build 21.0.10+8-LTS-217)
# Java VM: Java HotSpot(TM) 64-Bit Server VM (21.0.10+8-LTS-217, mixed mode, sharing, tiered, compressed oops, compressed class ptrs, g1 gc, windows-amd64)
# No core dump will be written. Minidumps are not enabled by default on client versions of Windows
#

---------------  S U M M A R Y ------------

Command Line: --add-opens=java.base/java.lang=ALL-UNNAMED --add-opens=java.base/java.lang.invoke=ALL-UNNAMED --add-opens=java.base/java.util=ALL-UNNAMED --add-opens=java.prefs/java.util.prefs=ALL-UNNAMED --add-exports=jdk.compiler/com.sun.tools.javac.api=ALL-UNNAMED --add-exports=jdk.compiler/com.sun.tools.javac.util=ALL-UNNAMED --add-opens=java.base/java.util=ALL-UNNAMED --add-opens=java.prefs/java.util.prefs=ALL-UNNAMED --add-opens=java.base/java.nio.charset=ALL-UNNAMED --add-opens=java.base/java.net=ALL-UNNAMED --add-opens=java.base/java.util.concurrent=ALL-UNNAMED --add-opens=java.base/java.util.concurrent.atomic=ALL-UNNAMED --add-opens=java.xml/javax.xml.namespace=ALL-UNNAMED --add-opens=java.base/java.time=ALL-UNNAMED -Xmx2048m -Dfile.encoding=UTF-8 -Duser.country=US -Duser.language=en -Duser.variant -javaagent:C:\Users\Admin\.gradle\wrapper\dists\gradle-9.4.1-bin\arn2x92ynaizyzdaamcbpbhtj\gradle-9.4.1\lib\agents\gradle-instrumentation-agent-9.4.1.jar org.gradle.launcher.daemon.bootstrap.GradleDaemon 9.4.1

Host: 13th Gen Intel(R) Core(TM) i5-13420H, 12 cores, 15G,  Windows 11 , 64 bit Build 26100 (10.0.26100.8521)
Time: Tue Jun 30 00:38:53 2026 SE Asia Standard Time elapsed time: 88.677940 seconds (0d 0h 1m 28s)

---------------  T H R E A D  ---------------

Current thread (0x000002bc96091fc0):  JavaThread "C2 CompilerThread0" daemon [_thread_in_native, id=36096, stack(0x000000e2daa00000,0x000000e2dab00000) (1024K)]


Current CompileTask:
C2:  88678 15449 %     4       org.gradle.internal.instantiation.generator.AbstractClassGenerator::inspectType @ 107 (602 bytes)

Stack: [0x000000e2daa00000,0x000000e2dab00000]
Native frames: (J=compiled Java code, j=interpreted, Vv=VM code, C=native code)
V  [jvm.dll+0x6d0b59]
V  [jvm.dll+0x85fd56]
V  [jvm.dll+0x86224e]
V  [jvm.dll+0x862923]
V  [jvm.dll+0x282a16]
V  [jvm.dll+0xc662d]
V  [jvm.dll+0xc6b71]
V  [jvm.dll+0x2f800e]
V  [jvm.dll+0x5fadb7]
V  [jvm.dll+0x2549d7]
V  [jvm.dll+0x24cd64]
V  [jvm.dll+0x24a84e]
V  [jvm.dll+0x1cacfe]
V  [jvm.dll+0x25a629]
V  [jvm.dll+0x258bb5]
V  [jvm.dll+0x3f4da1]
V  [jvm.dll+0x80a83d]
V  [jvm.dll+0x6cf3fd]
C  [ucrtbase.dll+0x2cd30]
C  [KERNEL32.DLL+0x2e957]
C  [ntdll.dll+0x87c1c]


---------------  P R O C E S S  ---------------

Threads class SMR info:
_java_thread_list=0x000002bca0d18960, length=59, elements={
0x000002bc35c2cb00, 0x000002bc54dfa4d0, 0x000002bc54dfcf40, 0x000002bc54dfde60,
0x000002bc54e00e90, 0x000002bc54e018f0, 0x000002bc54e02350, 0x000002bc96091fc0,
0x000002bc54e080f0, 0x000002bc96374570, 0x000002bc962bf420, 0x000002bc9c5b1fb0,
0x000002bc9bf456b0, 0x000002bc963596b0, 0x000002bc9627afd0, 0x000002bc9627b640,
0x000002bc96247be0, 0x000002bc96252b40, 0x000002bc96253860, 0x000002bc962503e0,
0x000002bc96251e20, 0x000002bc962524b0, 0x000002bc96251790, 0x000002bc962531d0,
0x000002bc9c5f1090, 0x000002bc9c5f37f0, 0x000002bc9c5f1720, 0x000002bc9c5f1db0,
0x000002bc9c5f0370, 0x000002bc9c5f0a00, 0x000002bc9c5f2440, 0x000002bc9c5f2ad0,
0x000002bc9d548130, 0x000002bc9d5487c0, 0x000002bc9d547aa0, 0x000002bc9d546d80,
0x000002bc9d5494e0, 0x000002bc9d547410, 0x000002bc9d548e50, 0x000002bc9d546060,
0x000002bc9d549b70, 0x000002bc9d5466f0, 0x000002bc9d54a890, 0x000002bc9d54af20,
0x000002bc9d54c960, 0x000002bc9d54cff0, 0x000002bc9d54d680, 0x000002bc9dcdf120,
0x000002bc9dcdd050, 0x000002bc9dcddd70, 0x000002bc9dcdd6e0, 0x000002bc9dcde400,
0x000002bc9dcdea90, 0x000002bc9dcdbca0, 0x000002bc9dcdf7b0, 0x000002bc9dcdc330,
0x000002bc9dcdfe40, 0x000002bc9dcdc9c0, 0x000002bc9dce1f10
}

Java Threads: ( => current thread )
  0x000002bc35c2cb00 JavaThread "main"                              [_thread_blocked, id=2516, stack(0x000000e2d9c00000,0x000000e2d9d00000) (1024K)]
  0x000002bc54dfa4d0 JavaThread "Reference Handler"          daemon [_thread_blocked, id=11512, stack(0x000000e2da400000,0x000000e2da500000) (1024K)]
  0x000002bc54dfcf40 JavaThread "Finalizer"                  daemon [_thread_blocked, id=25772, stack(0x000000e2da500000,0x000000e2da600000) (1024K)]
  0x000002bc54dfde60 JavaThread "Signal Dispatcher"          daemon [_thread_blocked, id=5968, stack(0x000000e2da600000,0x000000e2da700000) (1024K)]
  0x000002bc54e00e90 JavaThread "Attach Listener"            daemon [_thread_blocked, id=18152, stack(0x000000e2da700000,0x000000e2da800000) (1024K)]
  0x000002bc54e018f0 JavaThread "Service Thread"             daemon [_thread_blocked, id=25824, stack(0x000000e2da800000,0x000000e2da900000) (1024K)]
  0x000002bc54e02350 JavaThread "Monitor Deflation Thread"   daemon [_thread_blocked, id=34740, stack(0x000000e2da900000,0x000000e2daa00000) (1024K)]
=>0x000002bc96091fc0 JavaThread "C2 CompilerThread0"         daemon [_thread_in_native, id=36096, stack(0x000000e2daa00000,0x000000e2dab00000) (1024K)]
  0x000002bc54e080f0 JavaThread "C1 CompilerThread0"         daemon [_thread_blocked, id=44196, stack(0x000000e2dab00000,0x000000e2dac00000) (1024K)]
  0x000002bc96374570 JavaThread "Common-Cleaner"             daemon [_thread_blocked, id=20840, stack(0x000000e2dac00000,0x000000e2dad00000) (1024K)]
  0x000002bc962bf420 JavaThread "Notification Thread"        daemon [_thread_blocked, id=22296, stack(0x000000e2dad00000,0x000000e2dae00000) (1024K)]
  0x000002bc9c5b1fb0 JavaThread "Daemon health stats"               [_thread_blocked, id=29452, stack(0x000000e2db400000,0x000000e2db500000) (1024K)]
  0x000002bc9bf456b0 JavaThread "Incoming local TCP Connector on port 57701"        [_thread_in_native, id=8172, stack(0x000000e2db300000,0x000000e2db400000) (1024K)]
  0x000002bc963596b0 JavaThread "Daemon periodic checks"            [_thread_blocked, id=41172, stack(0x000000e2db500000,0x000000e2db600000) (1024K)]
  0x000002bc9627afd0 JavaThread "Daemon"                            [_thread_blocked, id=2332, stack(0x000000e2db700000,0x000000e2db800000) (1024K)]
  0x000002bc9627b640 JavaThread "Handler for socket connection from /127.0.0.1:57701 to /127.0.0.1:57703"        [_thread_in_native, id=35476, stack(0x000000e2db800000,0x000000e2db900000) (1024K)]
  0x000002bc96247be0 JavaThread "Cancel handler"                    [_thread_blocked, id=23504, stack(0x000000e2db600000,0x000000e2db700000) (1024K)]
  0x000002bc96252b40 JavaThread "Daemon worker"                     [_thread_blocked, id=13856, stack(0x000000e2db900000,0x000000e2dba00000) (1024K)]
  0x000002bc96253860 JavaThread "Asynchronous log dispatcher for DefaultDaemonConnection: socket connection from /127.0.0.1:57701 to /127.0.0.1:57703"        [_thread_blocked, id=31704, stack(0x000000e2dba00000,0x000000e2dbb00000) (1024K)]
  0x000002bc962503e0 JavaThread "Stdin handler"                     [_thread_blocked, id=12448, stack(0x000000e2dbb00000,0x000000e2dbc00000) (1024K)]
  0x000002bc96251e20 JavaThread "Daemon client event forwarder"        [_thread_blocked, id=19948, stack(0x000000e2dbc00000,0x000000e2dbd00000) (1024K)]
  0x000002bc962524b0 JavaThread "Cache worker for journal cache (C:\Users\Admin\.gradle\caches\journal-1)"        [_thread_blocked, id=2856, stack(0x000000e2dbd00000,0x000000e2dbe00000) (1024K)]
  0x000002bc96251790 JavaThread "File lock request listener"        [_thread_in_native, id=45284, stack(0x000000e2dbe00000,0x000000e2dbf00000) (1024K)]
  0x000002bc962531d0 JavaThread "Cache worker for file hash cache (C:\Users\Admin\.gradle\caches\9.4.1\fileHashes)"        [_thread_blocked, id=45052, stack(0x000000e2dbf00000,0x000000e2dc000000) (1024K)]
  0x000002bc9c5f1090 JavaThread "Cache worker for file hash cache (C:\Users\Admin\AndroidStudioProjects\MyApplication2\.gradle\9.4.1\fileHashes)"        [_thread_blocked, id=35472, stack(0x000000e2dc000000,0x000000e2dc100000) (1024K)]
  0x000002bc9c5f37f0 JavaThread "Cache worker for Build Output Cleanup Cache (C:\Users\Admin\AndroidStudioProjects\MyApplication2\.gradle\buildOutputCleanup)"        [_thread_blocked, id=14016, stack(0x000000e2dc700000,0x000000e2dc800000) (1024K)]
  0x000002bc9c5f1720 JavaThread "File watcher server"        daemon [_thread_in_native, id=43324, stack(0x000000e2dc800000,0x000000e2dc900000) (1024K)]
  0x000002bc9c5f1db0 JavaThread "File watcher consumer"      daemon [_thread_blocked, id=19660, stack(0x000000e2dc900000,0x000000e2dca00000) (1024K)]
  0x000002bc9c5f0370 JavaThread "jar transforms"                    [_thread_blocked, id=17200, stack(0x000000e2dca00000,0x000000e2dcb00000) (1024K)]
  0x000002bc9c5f0a00 JavaThread "jar transforms Thread 2"           [_thread_blocked, id=17180, stack(0x000000e2dcb00000,0x000000e2dcc00000) (1024K)]
  0x000002bc9c5f2440 JavaThread "jar transforms Thread 3"           [_thread_blocked, id=30844, stack(0x000000e2dcc00000,0x000000e2dcd00000) (1024K)]
  0x000002bc9c5f2ad0 JavaThread "Cache worker for file content cache (C:\Users\Admin\.gradle\caches\9.4.1\fileContent)"        [_thread_blocked, id=35168, stack(0x000000e2dcd00000,0x000000e2dce00000) (1024K)]
  0x000002bc9d548130 JavaThread "Cache worker for checksums cache (C:\Users\Admin\AndroidStudioProjects\MyApplication2\.gradle\9.4.1\checksums)"        [_thread_blocked, id=22192, stack(0x000000e2dcf00000,0x000000e2dd000000) (1024K)]
  0x000002bc9d5487c0 JavaThread "Cache worker for cache directory md-supplier (C:\Users\Admin\.gradle\caches\9.4.1\md-supplier)"        [_thread_blocked, id=7364, stack(0x000000e2dd000000,0x000000e2dd100000) (1024K)]
  0x000002bc9d547aa0 JavaThread "Cache worker for cache directory md-rule (C:\Users\Admin\.gradle\caches\9.4.1\md-rule)"        [_thread_blocked, id=24632, stack(0x000000e2dd100000,0x000000e2dd200000) (1024K)]
  0x000002bc9d546d80 JavaThread "jar transforms Thread 4"           [_thread_blocked, id=2664, stack(0x000000e2dd200000,0x000000e2dd300000) (1024K)]
  0x000002bc9d5494e0 JavaThread "jar transforms Thread 5"           [_thread_blocked, id=10804, stack(0x000000e2dd300000,0x000000e2dd400000) (1024K)]
  0x000002bc9d547410 JavaThread "jar transforms Thread 6"           [_thread_blocked, id=26996, stack(0x000000e2dd500000,0x000000e2dd600000) (1024K)]
  0x000002bc9d548e50 JavaThread "jar transforms Thread 7"           [_thread_blocked, id=7164, stack(0x000000e2dd600000,0x000000e2dd700000) (1024K)]
  0x000002bc9d546060 JavaThread "jar transforms Thread 8"           [_thread_blocked, id=14768, stack(0x000000e2dd700000,0x000000e2dd800000) (1024K)]
  0x000002bc9d549b70 JavaThread "jar transforms Thread 9"           [_thread_blocked, id=42140, stack(0x000000e2dd800000,0x000000e2dd900000) (1024K)]
  0x000002bc9d5466f0 JavaThread "jar transforms Thread 10"          [_thread_blocked, id=27880, stack(0x000000e2dd900000,0x000000e2dda00000) (1024K)]
  0x000002bc9d54a890 JavaThread "jar transforms Thread 11"          [_thread_blocked, id=26908, stack(0x000000e2dda00000,0x000000e2ddb00000) (1024K)]
  0x000002bc9d54af20 JavaThread "jar transforms Thread 12"          [_thread_blocked, id=41140, stack(0x000000e2ddb00000,0x000000e2ddc00000) (1024K)]
  0x000002bc9d54c960 JavaThread "Build operations"                  [_thread_blocked, id=16824, stack(0x000000e2dd400000,0x000000e2dd500000) (1024K)]
  0x000002bc9d54cff0 JavaThread "Build operations Thread 2"         [_thread_blocked, id=10096, stack(0x000000e2ddc00000,0x000000e2ddd00000) (1024K)]
  0x000002bc9d54d680 JavaThread "Build operations Thread 3"         [_thread_blocked, id=30752, stack(0x000000e2ddd00000,0x000000e2dde00000) (1024K)]
  0x000002bc9dcdf120 JavaThread "Build operations Thread 4"         [_thread_blocked, id=22996, stack(0x000000e2dde00000,0x000000e2ddf00000) (1024K)]
  0x000002bc9dcdd050 JavaThread "Build operations Thread 5"         [_thread_blocked, id=18168, stack(0x000000e2ddf00000,0x000000e2de000000) (1024K)]
  0x000002bc9dcddd70 JavaThread "Build operations Thread 6"         [_thread_blocked, id=24940, stack(0x000000e2de000000,0x000000e2de100000) (1024K)]
  0x000002bc9dcdd6e0 JavaThread "Build operations Thread 7"         [_thread_blocked, id=29620, stack(0x000000e2de100000,0x000000e2de200000) (1024K)]
  0x000002bc9dcde400 JavaThread "Build operations Thread 8"         [_thread_blocked, id=22684, stack(0x000000e2de200000,0x000000e2de300000) (1024K)]
  0x000002bc9dcdea90 JavaThread "Build operations Thread 9"         [_thread_blocked, id=41572, stack(0x000000e2de300000,0x000000e2de400000) (1024K)]
  0x000002bc9dcdbca0 JavaThread "Build operations Thread 10"        [_thread_blocked, id=27952, stack(0x000000e2de400000,0x000000e2de500000) (1024K)]
  0x000002bc9dcdf7b0 JavaThread "Build operations Thread 11"        [_thread_blocked, id=21956, stack(0x000000e2de500000,0x000000e2de600000) (1024K)]
  0x000002bc9dcdc330 JavaThread "Build operations Thread 12"        [_thread_blocked, id=14840, stack(0x000000e2de600000,0x000000e2de700000) (1024K)]
  0x000002bc9dcdfe40 JavaThread "File lock release action executor"        [_thread_blocked, id=14456, stack(0x000000e2de700000,0x000000e2de800000) (1024K)]
  0x000002bc9dcdc9c0 JavaThread "Memory manager"                    [_thread_blocked, id=37628, stack(0x000000e2dce00000,0x000000e2dcf00000) (1024K)]
  0x000002bc9dce1f10 JavaThread "build event listener"              [_thread_blocked, id=37276, stack(0x000000e2de800000,0x000000e2de900000) (1024K)]
Total: 59

Other Threads:
  0x000002bc54de3490 VMThread "VM Thread"                           [id=35688, stack(0x000000e2da300000,0x000000e2da400000) (1024K)]
  0x000002bc54dd0e60 WatcherThread "VM Periodic Task Thread"        [id=43472, stack(0x000000e2da200000,0x000000e2da300000) (1024K)]
  0x000002bc37fc8be0 WorkerThread "GC Thread#0"                     [id=13876, stack(0x000000e2d9d00000,0x000000e2d9e00000) (1024K)]
  0x000002bc965673f0 WorkerThread "GC Thread#1"                     [id=12044, stack(0x000000e2dae00000,0x000000e2daf00000) (1024K)]
  0x000002bc9b5c5cd0 WorkerThread "GC Thread#2"                     [id=25976, stack(0x000000e2daf00000,0x000000e2db000000) (1024K)]
  0x000002bc9b3d87a0 WorkerThread "GC Thread#3"                     [id=15308, stack(0x000000e2db000000,0x000000e2db100000) (1024K)]
  0x000002bc9b3d8b50 WorkerThread "GC Thread#4"                     [id=37692, stack(0x000000e2db100000,0x000000e2db200000) (1024K)]
  0x000002bc9b3d8f00 WorkerThread "GC Thread#5"                     [id=45892, stack(0x000000e2db200000,0x000000e2db300000) (1024K)]
  0x000002bc9c98b500 WorkerThread "GC Thread#6"                     [id=30356, stack(0x000000e2dc100000,0x000000e2dc200000) (1024K)]
  0x000002bc9c98e4f0 WorkerThread "GC Thread#7"                     [id=10876, stack(0x000000e2dc200000,0x000000e2dc300000) (1024K)]
  0x000002bc9c98cb20 WorkerThread "GC Thread#8"                     [id=31224, stack(0x000000e2dc300000,0x000000e2dc400000) (1024K)]
  0x000002bc9c98dd90 WorkerThread "GC Thread#9"                     [id=45016, stack(0x000000e2dc400000,0x000000e2dc500000) (1024K)]
  0x000002bc38018010 ConcurrentGCThread "G1 Main Marker"            [id=45368, stack(0x000000e2d9e00000,0x000000e2d9f00000) (1024K)]
  0x000002bc380191d0 WorkerThread "G1 Conc#0"                       [id=42360, stack(0x000000e2d9f00000,0x000000e2da000000) (1024K)]
  0x000002bc9c98d630 WorkerThread "G1 Conc#1"                       [id=21480, stack(0x000000e2dc500000,0x000000e2dc600000) (1024K)]
  0x000002bc9c98e8a0 WorkerThread "G1 Conc#2"                       [id=44888, stack(0x000000e2dc600000,0x000000e2dc700000) (1024K)]
  0x000002bc54d04e20 ConcurrentGCThread "G1 Refine#0"               [id=29988, stack(0x000000e2da000000,0x000000e2da100000) (1024K)]
  0x000002bc54d057b0 ConcurrentGCThread "G1 Service"                [id=16668, stack(0x000000e2da100000,0x000000e2da200000) (1024K)]
Total: 18

Threads with active compile tasks:
C2 CompilerThread0    88819 15449 %     4       org.gradle.internal.instantiation.generator.AbstractClassGenerator::inspectType @ 107 (602 bytes)
Total: 1

VM state: not at safepoint (normal execution)

VM Mutex/Monitor currently owned by a thread: None

Heap address: 0x0000000080000000, size: 2048 MB, Compressed Oops mode: 32-bit

CDS archive(s) mapped at: [0x000002bc55000000-0x000002bc55c90000-0x000002bc55c90000), size 13172736, SharedBaseAddress: 0x000002bc55000000, ArchiveRelocationMode: 1.
Compressed class space mapped at: 0x000002bc56000000-0x000002bc96000000, reserved size: 1073741824
Narrow klass base: 0x000002bc55000000, Narrow klass shift: 0, Narrow klass range: 0x100000000

GC Precious Log:
 CardTable entry size: 512
 Card Set container configuration: InlinePtr #cards 5 size 8 Array Of Cards #cards 12 size 40 Howl #buckets 4 coarsen threshold 1843 Howl Bitmap #cards 512 size 80 coarsen threshold 460 Card regions per heap region 1 cards per card region 2048
 CPUs: 12 total, 12 available
 Memory: 16044M
 Large Page Support: Disabled
 NUMA Support: Disabled
 Compressed Oops: Enabled (32-bit)
 Heap Region Size: 1M
 Heap Min Capacity: 8M
 Heap Initial Capacity: 252M
 Heap Max Capacity: 2G
 Pre-touch: Disabled
 Parallel Workers: 10
 Concurrent Workers: 3
 Concurrent Refinement Workers: 10
 Periodic GC: Disabled

Heap:
 garbage-first heap   total 275456K, used 224957K [0x0000000080000000, 0x0000000100000000)
  region size 1024K, 62 young (63488K), 8 survivors (8192K)
 Metaspace       used 141031K, committed 143488K, reserved 1179648K
  class space    used 17915K, committed 19136K, reserved 1048576K

Heap Regions: E=young(eden), S=young(survivor), O=old, HS=humongous(starts), HC=humongous(continues), CS=collection set, F=free, TAMS=top-at-mark-start, PB=parsable bottom
|   0|0x0000000080000000, 0x0000000080100000, 0x0000000080100000|100%|HS|  |TAMS 0x0000000080000000| PB 0x0000000080000000| Complete 
|   1|0x0000000080100000, 0x0000000080200000, 0x0000000080200000|100%|HC|  |TAMS 0x0000000080100000| PB 0x0000000080100000| Complete 
|   2|0x0000000080200000, 0x0000000080300000, 0x0000000080300000|100%|HC|  |TAMS 0x0000000080200000| PB 0x0000000080200000| Complete 
|   3|0x0000000080300000, 0x0000000080400000, 0x0000000080400000|100%|HC|  |TAMS 0x0000000080300000| PB 0x0000000080300000| Complete 
|   4|0x0000000080400000, 0x0000000080500000, 0x0000000080500000|100%| O|  |TAMS 0x0000000080400000| PB 0x0000000080400000| Untracked 
|   5|0x0000000080500000, 0x0000000080600000, 0x0000000080600000|100%| O|  |TAMS 0x0000000080500000| PB 0x0000000080500000| Untracked 
|   6|0x0000000080600000, 0x0000000080700000, 0x0000000080700000|100%| O|  |TAMS 0x0000000080600000| PB 0x0000000080600000| Untracked 
|   7|0x0000000080700000, 0x0000000080800000, 0x0000000080800000|100%| O|  |TAMS 0x0000000080700000| PB 0x0000000080700000| Untracked 
|   8|0x0000000080800000, 0x0000000080900000, 0x0000000080900000|100%|HS|  |TAMS 0x0000000080800000| PB 0x0000000080800000| Complete 
|   9|0x0000000080900000, 0x0000000080a00000, 0x0000000080a00000|100%| O|  |TAMS 0x0000000080900000| PB 0x0000000080900000| Untracked 
|  10|0x0000000080a00000, 0x0000000080b00000, 0x0000000080b00000|100%| O|  |TAMS 0x0000000080a00000| PB 0x0000000080a00000| Untracked 
|  11|0x0000000080b00000, 0x0000000080c00000, 0x0000000080c00000|100%| O|  |TAMS 0x0000000080b00000| PB 0x0000000080b00000| Untracked 
|  12|0x0000000080c00000, 0x0000000080d00000, 0x0000000080d00000|100%| O|  |TAMS 0x0000000080c00000| PB 0x0000000080c00000| Untracked 
|  13|0x0000000080d00000, 0x0000000080e00000, 0x0000000080e00000|100%| O|  |TAMS 0x0000000080d00000| PB 0x0000000080d00000| Untracked 
|  14|0x0000000080e00000, 0x0000000080f00000, 0x0000000080f00000|100%| O|  |TAMS 0x0000000080e00000| PB 0x0000000080e00000| Untracked 
|  15|0x0000000080f00000, 0x0000000081000000, 0x0000000081000000|100%| O|  |TAMS 0x0000000080f00000| PB 0x0000000080f00000| Untracked 
|  16|0x0000000081000000, 0x0000000081100000, 0x0000000081100000|100%| O|  |TAMS 0x0000000081000000| PB 0x0000000081000000| Untracked 
|  17|0x0000000081100000, 0x0000000081200000, 0x0000000081200000|100%| O|  |TAMS 0x0000000081100000| PB 0x0000000081100000| Untracked 
|  18|0x0000000081200000, 0x0000000081300000, 0x0000000081300000|100%| O|  |TAMS 0x0000000081200000| PB 0x0000000081200000| Untracked 
|  19|0x0000000081300000, 0x0000000081400000, 0x0000000081400000|100%| O|  |TAMS 0x0000000081300000| PB 0x0000000081300000| Untracked 
|  20|0x0000000081400000, 0x0000000081500000, 0x0000000081500000|100%| O|  |TAMS 0x0000000081400000| PB 0x0000000081400000| Untracked 
|  21|0x0000000081500000, 0x0000000081600000, 0x0000000081600000|100%| O|  |TAMS 0x0000000081500000| PB 0x0000000081500000| Untracked 
|  22|0x0000000081600000, 0x0000000081700000, 0x0000000081700000|100%| O|  |TAMS 0x0000000081600000| PB 0x0000000081600000| Untracked 
|  23|0x0000000081700000, 0x0000000081800000, 0x0000000081800000|100%| O|  |TAMS 0x0000000081700000| PB 0x0000000081700000| Untracked 
|  24|0x0000000081800000, 0x0000000081900000, 0x0000000081900000|100%| O|  |TAMS 0x0000000081800000| PB 0x0000000081800000| Untracked 
|  25|0x0000000081900000, 0x0000000081a00000, 0x0000000081a00000|100%| O|  |TAMS 0x0000000081900000| PB 0x0000000081900000| Untracked 
|  26|0x0000000081a00000, 0x0000000081b00000, 0x0000000081b00000|100%| O|  |TAMS 0x0000000081a00000| PB 0x0000000081a00000| Untracked 
|  27|0x0000000081b00000, 0x0000000081c00000, 0x0000000081c00000|100%| O|  |TAMS 0x0000000081b00000| PB 0x0000000081b00000| Untracked 
|  28|0x0000000081c00000, 0x0000000081d00000, 0x0000000081d00000|100%| O|  |TAMS 0x0000000081c00000| PB 0x0000000081c00000| Untracked 
|  29|0x0000000081d00000, 0x0000000081e00000, 0x0000000081e00000|100%| O|  |TAMS 0x0000000081d00000| PB 0x0000000081d00000| Untracked 
|  30|0x0000000081e00000, 0x0000000081f00000, 0x0000000081f00000|100%| O|  |TAMS 0x0000000081e00000| PB 0x0000000081e00000| Untracked 
|  31|0x0000000081f00000, 0x0000000082000000, 0x0000000082000000|100%| O|  |TAMS 0x0000000081f00000| PB 0x0000000081f00000| Untracked 
|  32|0x0000000082000000, 0x0000000082100000, 0x0000000082100000|100%| O|  |TAMS 0x0000000082000000| PB 0x0000000082000000| Untracked 
|  33|0x0000000082100000, 0x0000000082200000, 0x0000000082200000|100%| O|  |TAMS 0x0000000082100000| PB 0x0000000082100000| Untracked 
|  34|0x0000000082200000, 0x0000000082300000, 0x0000000082300000|100%| O|  |TAMS 0x0000000082200000| PB 0x0000000082200000| Untracked 
|  35|0x0000000082300000, 0x0000000082400000, 0x0000000082400000|100%| O|  |TAMS 0x0000000082300000| PB 0x0000000082300000| Untracked 
|  36|0x0000000082400000, 0x0000000082500000, 0x0000000082500000|100%| O|  |TAMS 0x0000000082400000| PB 0x0000000082400000| Untracked 
|  37|0x0000000082500000, 0x0000000082600000, 0x0000000082600000|100%| O|  |TAMS 0x0000000082500000| PB 0x0000000082500000| Untracked 
|  38|0x0000000082600000, 0x0000000082700000, 0x0000000082700000|100%| O|  |TAMS 0x0000000082600000| PB 0x0000000082600000| Untracked 
|  39|0x0000000082700000, 0x0000000082800000, 0x0000000082800000|100%| O|  |TAMS 0x0000000082700000| PB 0x0000000082700000| Untracked 
|  40|0x0000000082800000, 0x0000000082900000, 0x0000000082900000|100%| O|  |TAMS 0x0000000082800000| PB 0x0000000082800000| Untracked 
|  41|0x0000000082900000, 0x0000000082a00000, 0x0000000082a00000|100%|HS|  |TAMS 0x0000000082900000| PB 0x0000000082900000| Complete 
|  42|0x0000000082a00000, 0x0000000082b00000, 0x0000000082b00000|100%| O|  |TAMS 0x0000000082a00000| PB 0x0000000082a00000| Untracked 
|  43|0x0000000082b00000, 0x0000000082c00000, 0x0000000082c00000|100%| O|  |TAMS 0x0000000082b00000| PB 0x0000000082b00000| Untracked 
|  44|0x0000000082c00000, 0x0000000082d00000, 0x0000000082d00000|100%| O|  |TAMS 0x0000000082c00000| PB 0x0000000082c00000| Untracked 
|  45|0x0000000082d00000, 0x0000000082e00000, 0x0000000082e00000|100%| O|  |TAMS 0x0000000082d00000| PB 0x0000000082d00000| Untracked 
|  46|0x0000000082e00000, 0x0000000082f00000, 0x0000000082f00000|100%| O|  |TAMS 0x0000000082e00000| PB 0x0000000082e00000| Untracked 
|  47|0x0000000082f00000, 0x0000000083000000, 0x0000000083000000|100%|HS|  |TAMS 0x0000000082f00000| PB 0x0000000082f00000| Complete 
|  48|0x0000000083000000, 0x0000000083100000, 0x0000000083100000|100%|HS|  |TAMS 0x0000000083000000| PB 0x0000000083000000| Complete 
|  49|0x0000000083100000, 0x0000000083200000, 0x0000000083200000|100%|HS|  |TAMS 0x0000000083100000| PB 0x0000000083100000| Complete 
|  50|0x0000000083200000, 0x0000000083300000, 0x0000000083300000|100%|HC|  |TAMS 0x0000000083200000| PB 0x0000000083200000| Complete 
|  51|0x0000000083300000, 0x0000000083400000, 0x0000000083400000|100%|HS|  |TAMS 0x0000000083300000| PB 0x0000000083300000| Complete 
|  52|0x0000000083400000, 0x0000000083500000, 0x0000000083500000|100%|HS|  |TAMS 0x0000000083400000| PB 0x0000000083400000| Complete 
|  53|0x0000000083500000, 0x0000000083600000, 0x0000000083600000|100%| O|  |TAMS 0x0000000083500000| PB 0x0000000083500000| Untracked 
|  54|0x0000000083600000, 0x0000000083700000, 0x0000000083700000|100%|HS|  |TAMS 0x0000000083600000| PB 0x0000000083600000| Complete 
|  55|0x0000000083700000, 0x0000000083800000, 0x0000000083800000|100%|HC|  |TAMS 0x0000000083700000| PB 0x0000000083700000| Complete 
|  56|0x0000000083800000, 0x0000000083900000, 0x0000000083900000|100%| O|  |TAMS 0x0000000083800000| PB 0x0000000083800000| Untracked 
|  57|0x0000000083900000, 0x0000000083a00000, 0x0000000083a00000|100%|HS|  |TAMS 0x0000000083900000| PB 0x0000000083900000| Complete 
|  58|0x0000000083a00000, 0x0000000083b00000, 0x0000000083b00000|100%| O|  |TAMS 0x0000000083a00000| PB 0x0000000083a00000| Untracked 
|  59|0x0000000083b00000, 0x0000000083c00000, 0x0000000083c00000|100%| O|  |TAMS 0x0000000083b00000| PB 0x0000000083b00000| Untracked 
|  60|0x0000000083c00000, 0x0000000083d00000, 0x0000000083d00000|100%| O|  |TAMS 0x0000000083c00000| PB 0x0000000083c00000| Untracked 
|  61|0x0000000083d00000, 0x0000000083e00000, 0x0000000083e00000|100%| O|  |TAMS 0x0000000083d00000| PB 0x0000000083d00000| Untracked 
|  62|0x0000000083e00000, 0x0000000083f00000, 0x0000000083f00000|100%| O|  |TAMS 0x0000000083e00000| PB 0x0000000083e00000| Untracked 
|  63|0x0000000083f00000, 0x0000000084000000, 0x0000000084000000|100%| O|  |TAMS 0x0000000083f00000| PB 0x0000000083f00000| Untracked 
|  64|0x0000000084000000, 0x0000000084100000, 0x0000000084100000|100%| O|  |TAMS 0x0000000084000000| PB 0x0000000084000000| Untracked 
|  65|0x0000000084100000, 0x0000000084200000, 0x0000000084200000|100%| O|  |TAMS 0x0000000084100000| PB 0x0000000084100000| Untracked 
|  66|0x0000000084200000, 0x0000000084300000, 0x0000000084300000|100%| O|  |TAMS 0x0000000084200000| PB 0x0000000084200000| Untracked 
|  67|0x0000000084300000, 0x0000000084400000, 0x0000000084400000|100%| O|  |TAMS 0x0000000084300000| PB 0x0000000084300000| Untracked 
|  68|0x0000000084400000, 0x0000000084500000, 0x0000000084500000|100%| O|  |TAMS 0x0000000084400000| PB 0x0000000084400000| Untracked 
|  69|0x0000000084500000, 0x0000000084600000, 0x0000000084600000|100%| O|  |TAMS 0x0000000084500000| PB 0x0000000084500000| Untracked 
|  70|0x0000000084600000, 0x0000000084700000, 0x0000000084700000|100%|HS|  |TAMS 0x0000000084600000| PB 0x0000000084600000| Complete 
|  71|0x0000000084700000, 0x0000000084800000, 0x0000000084800000|100%| O|  |TAMS 0x0000000084700000| PB 0x0000000084700000| Untracked 
|  72|0x0000000084800000, 0x0000000084900000, 0x0000000084900000|100%| O|  |TAMS 0x0000000084800000| PB 0x0000000084800000| Untracked 
|  73|0x0000000084900000, 0x0000000084a00000, 0x0000000084a00000|100%| O|  |TAMS 0x0000000084900000| PB 0x0000000084900000| Untracked 
|  74|0x0000000084a00000, 0x0000000084a00000, 0x0000000084b00000|  0%| F|  |TAMS 0x0000000084a00000| PB 0x0000000084a00000| Untracked 
|  75|0x0000000084b00000, 0x0000000084b00000, 0x0000000084c00000|  0%| F|  |TAMS 0x0000000084b00000| PB 0x0000000084b00000| Untracked 
|  76|0x0000000084c00000, 0x0000000084c00000, 0x0000000084d00000|  0%| F|  |TAMS 0x0000000084c00000| PB 0x0000000084c00000| Untracked 
|  77|0x0000000084d00000, 0x0000000084e00000, 0x0000000084e00000|100%| O|  |TAMS 0x0000000084d00000| PB 0x0000000084d00000| Untracked 
|  78|0x0000000084e00000, 0x0000000084f00000, 0x0000000084f00000|100%| O|  |TAMS 0x0000000084e00000| PB 0x0000000084e00000| Untracked 
|  79|0x0000000084f00000, 0x0000000085000000, 0x0000000085000000|100%| O|  |TAMS 0x0000000084f00000| PB 0x0000000084f00000| Untracked 
|  80|0x0000000085000000, 0x0000000085100000, 0x0000000085100000|100%| O|  |TAMS 0x0000000085000000| PB 0x0000000085000000| Untracked 
|  81|0x0000000085100000, 0x0000000085200000, 0x0000000085200000|100%| O|  |TAMS 0x0000000085100000| PB 0x0000000085100000| Untracked 
|  82|0x0000000085200000, 0x0000000085300000, 0x0000000085300000|100%| O|  |TAMS 0x0000000085200000| PB 0x0000000085200000| Untracked 
|  83|0x0000000085300000, 0x0000000085400000, 0x0000000085400000|100%| O|  |TAMS 0x0000000085300000| PB 0x0000000085300000| Untracked 
|  84|0x0000000085400000, 0x0000000085500000, 0x0000000085500000|100%| O|  |TAMS 0x0000000085400000| PB 0x0000000085400000| Untracked 
|  85|0x0000000085500000, 0x0000000085600000, 0x0000000085600000|100%| O|  |TAMS 0x0000000085500000| PB 0x0000000085500000| Untracked 
|  86|0x0000000085600000, 0x0000000085700000, 0x0000000085700000|100%|HS|  |TAMS 0x0000000085600000| PB 0x0000000085600000| Complete 
|  87|0x0000000085700000, 0x0000000085800000, 0x0000000085800000|100%| O|  |TAMS 0x0000000085700000| PB 0x0000000085700000| Untracked 
|  88|0x0000000085800000, 0x0000000085900000, 0x0000000085900000|100%| O|  |TAMS 0x0000000085800000| PB 0x0000000085800000| Untracked 
|  89|0x0000000085900000, 0x0000000085a00000, 0x0000000085a00000|100%| O|  |TAMS 0x0000000085900000| PB 0x0000000085900000| Untracked 
|  90|0x0000000085a00000, 0x0000000085b00000, 0x0000000085b00000|100%| O|  |TAMS 0x0000000085a00000| PB 0x0000000085a00000| Untracked 
|  91|0x0000000085b00000, 0x0000000085c00000, 0x0000000085c00000|100%| O|  |TAMS 0x0000000085b00000| PB 0x0000000085b00000| Untracked 
|  92|0x0000000085c00000, 0x0000000085d00000, 0x0000000085d00000|100%| O|  |TAMS 0x0000000085c00000| PB 0x0000000085c00000| Untracked 
|  93|0x0000000085d00000, 0x0000000085e00000, 0x0000000085e00000|100%| O|  |TAMS 0x0000000085d00000| PB 0x0000000085d00000| Untracked 
|  94|0x0000000085e00000, 0x0000000085f00000, 0x0000000085f00000|100%| O|  |TAMS 0x0000000085e00000| PB 0x0000000085e00000| Untracked 
|  95|0x0000000085f00000, 0x0000000086000000, 0x0000000086000000|100%| O|  |TAMS 0x0000000085f00000| PB 0x0000000085f00000| Untracked 
|  96|0x0000000086000000, 0x0000000086100000, 0x0000000086100000|100%| O|  |TAMS 0x0000000086000000| PB 0x0000000086000000| Untracked 
|  97|0x0000000086100000, 0x0000000086200000, 0x0000000086200000|100%| O|  |TAMS 0x0000000086100000| PB 0x0000000086100000| Untracked 
|  98|0x0000000086200000, 0x0000000086300000, 0x0000000086300000|100%| O|  |TAMS 0x0000000086200000| PB 0x0000000086200000| Untracked 
|  99|0x0000000086300000, 0x0000000086400000, 0x0000000086400000|100%| O|  |TAMS 0x0000000086300000| PB 0x0000000086300000| Untracked 
| 100|0x0000000086400000, 0x0000000086500000, 0x0000000086500000|100%| O|  |TAMS 0x0000000086400000| PB 0x0000000086400000| Untracked 
| 101|0x0000000086500000, 0x0000000086600000, 0x0000000086600000|100%| O|  |TAMS 0x0000000086500000| PB 0x0000000086500000| Untracked 
| 102|0x0000000086600000, 0x0000000086700000, 0x0000000086700000|100%| O|  |TAMS 0x0000000086600000| PB 0x0000000086600000| Untracked 
| 103|0x0000000086700000, 0x0000000086800000, 0x0000000086800000|100%| O|  |TAMS 0x0000000086700000| PB 0x0000000086700000| Untracked 
| 104|0x0000000086800000, 0x0000000086900000, 0x0000000086900000|100%| O|  |TAMS 0x0000000086800000| PB 0x0000000086800000| Untracked 
| 105|0x0000000086900000, 0x0000000086a00000, 0x0000000086a00000|100%| O|  |TAMS 0x0000000086900000| PB 0x0000000086900000| Untracked 
| 106|0x0000000086a00000, 0x0000000086b00000, 0x0000000086b00000|100%| O|  |TAMS 0x0000000086a00000| PB 0x0000000086a00000| Untracked 
| 107|0x0000000086b00000, 0x0000000086c00000, 0x0000000086c00000|100%| O|  |TAMS 0x0000000086b00000| PB 0x0000000086b00000| Untracked 
| 108|0x0000000086c00000, 0x0000000086d00000, 0x0000000086d00000|100%| O|  |TAMS 0x0000000086c00000| PB 0x0000000086c00000| Untracked 
| 109|0x0000000086d00000, 0x0000000086e00000, 0x0000000086e00000|100%| O|  |TAMS 0x0000000086d00000| PB 0x0000000086d00000| Untracked 
| 110|0x0000000086e00000, 0x0000000086f00000, 0x0000000086f00000|100%| O|  |TAMS 0x0000000086e00000| PB 0x0000000086e00000| Untracked 
| 111|0x0000000086f00000, 0x0000000087000000, 0x0000000087000000|100%| O|  |TAMS 0x0000000086f00000| PB 0x0000000086f00000| Untracked 
| 112|0x0000000087000000, 0x0000000087100000, 0x0000000087100000|100%| O|  |TAMS 0x0000000087000000| PB 0x0000000087000000| Untracked 
| 113|0x0000000087100000, 0x0000000087200000, 0x0000000087200000|100%| O|  |TAMS 0x0000000087100000| PB 0x0000000087100000| Untracked 
| 114|0x0000000087200000, 0x0000000087300000, 0x0000000087300000|100%| O|  |TAMS 0x0000000087200000| PB 0x0000000087200000| Untracked 
| 115|0x0000000087300000, 0x0000000087400000, 0x0000000087400000|100%| O|  |TAMS 0x0000000087300000| PB 0x0000000087300000| Untracked 
| 116|0x0000000087400000, 0x0000000087500000, 0x0000000087500000|100%| O|  |TAMS 0x0000000087400000| PB 0x0000000087400000| Untracked 
| 117|0x0000000087500000, 0x0000000087600000, 0x0000000087600000|100%| O|  |TAMS 0x0000000087500000| PB 0x0000000087500000| Untracked 
| 118|0x0000000087600000, 0x0000000087700000, 0x0000000087700000|100%| O|  |TAMS 0x0000000087600000| PB 0x0000000087600000| Untracked 
| 119|0x0000000087700000, 0x0000000087800000, 0x0000000087800000|100%| O|  |TAMS 0x0000000087700000| PB 0x0000000087700000| Untracked 
| 120|0x0000000087800000, 0x0000000087900000, 0x0000000087900000|100%| O|  |TAMS 0x0000000087800000| PB 0x0000000087800000| Untracked 
| 121|0x0000000087900000, 0x0000000087a00000, 0x0000000087a00000|100%| O|  |TAMS 0x0000000087900000| PB 0x0000000087900000| Untracked 
| 122|0x0000000087a00000, 0x0000000087b00000, 0x0000000087b00000|100%| O|  |TAMS 0x0000000087a00000| PB 0x0000000087a00000| Untracked 
| 123|0x0000000087b00000, 0x0000000087c00000, 0x0000000087c00000|100%| O|  |TAMS 0x0000000087b00000| PB 0x0000000087b00000| Untracked 
| 124|0x0000000087c00000, 0x0000000087d00000, 0x0000000087d00000|100%| O|  |TAMS 0x0000000087c00000| PB 0x0000000087c00000| Untracked 
| 125|0x0000000087d00000, 0x0000000087e00000, 0x0000000087e00000|100%| O|  |TAMS 0x0000000087d00000| PB 0x0000000087d00000| Untracked 
| 126|0x0000000087e00000, 0x0000000087f00000, 0x0000000087f00000|100%| O|  |TAMS 0x0000000087e00000| PB 0x0000000087e00000| Untracked 
| 127|0x0000000087f00000, 0x0000000088000000, 0x0000000088000000|100%|HS|  |TAMS 0x0000000087f00000| PB 0x0000000087f00000| Complete 
| 128|0x0000000088000000, 0x0000000088100000, 0x0000000088100000|100%| O|  |TAMS 0x0000000088000000| PB 0x0000000088000000| Untracked 
| 129|0x0000000088100000, 0x0000000088200000, 0x0000000088200000|100%| O|  |TAMS 0x0000000088100000| PB 0x0000000088100000| Untracked 
| 130|0x0000000088200000, 0x0000000088300000, 0x0000000088300000|100%| O|  |TAMS 0x0000000088200000| PB 0x0000000088200000| Untracked 
| 131|0x0000000088300000, 0x0000000088400000, 0x0000000088400000|100%| O|  |TAMS 0x0000000088300000| PB 0x0000000088300000| Untracked 
| 132|0x0000000088400000, 0x0000000088500000, 0x0000000088500000|100%| O|  |TAMS 0x0000000088400000| PB 0x0000000088400000| Untracked 
| 133|0x0000000088500000, 0x0000000088600000, 0x0000000088600000|100%| O|  |TAMS 0x0000000088500000| PB 0x0000000088500000| Untracked 
| 134|0x0000000088600000, 0x0000000088700000, 0x0000000088700000|100%| O|  |TAMS 0x0000000088600000| PB 0x0000000088600000| Untracked 
| 135|0x0000000088700000, 0x0000000088800000, 0x0000000088800000|100%| O|  |TAMS 0x0000000088700000| PB 0x0000000088700000| Untracked 
| 136|0x0000000088800000, 0x0000000088900000, 0x0000000088900000|100%| O|  |TAMS 0x0000000088800000| PB 0x0000000088800000| Untracked 
| 137|0x0000000088900000, 0x0000000088a00000, 0x0000000088a00000|100%| O|  |TAMS 0x0000000088900000| PB 0x0000000088900000| Untracked 
| 138|0x0000000088a00000, 0x0000000088b00000, 0x0000000088b00000|100%| O|  |TAMS 0x0000000088a00000| PB 0x0000000088a00000| Untracked 
| 139|0x0000000088b00000, 0x0000000088c00000, 0x0000000088c00000|100%| O|  |TAMS 0x0000000088b00000| PB 0x0000000088b00000| Untracked 
| 140|0x0000000088c00000, 0x0000000088d00000, 0x0000000088d00000|100%| O|  |TAMS 0x0000000088c00000| PB 0x0000000088c00000| Untracked 
| 141|0x0000000088d00000, 0x0000000088e00000, 0x0000000088e00000|100%| O|  |TAMS 0x0000000088d00000| PB 0x0000000088d00000| Untracked 
| 142|0x0000000088e00000, 0x0000000088e00000, 0x0000000088f00000|  0%| F|  |TAMS 0x0000000088e00000| PB 0x0000000088e00000| Untracked 
| 143|0x0000000088f00000, 0x0000000089000000, 0x0000000089000000|100%| O|  |TAMS 0x0000000088f00000| PB 0x0000000088f00000| Untracked 
| 144|0x0000000089000000, 0x0000000089100000, 0x0000000089100000|100%| O|  |TAMS 0x0000000089000000| PB 0x0000000089000000| Untracked 
| 145|0x0000000089100000, 0x0000000089200000, 0x0000000089200000|100%| O|  |TAMS 0x0000000089100000| PB 0x0000000089100000| Untracked 
| 146|0x0000000089200000, 0x0000000089300000, 0x0000000089300000|100%| O|  |TAMS 0x0000000089200000| PB 0x0000000089200000| Untracked 
| 147|0x0000000089300000, 0x0000000089400000, 0x0000000089400000|100%| O|  |TAMS 0x0000000089300000| PB 0x0000000089300000| Untracked 
| 148|0x0000000089400000, 0x0000000089500000, 0x0000000089500000|100%| O|  |TAMS 0x0000000089400000| PB 0x0000000089400000| Untracked 
| 149|0x0000000089500000, 0x0000000089600000, 0x0000000089600000|100%| O|  |TAMS 0x0000000089500000| PB 0x0000000089500000| Untracked 
| 150|0x0000000089600000, 0x0000000089700000, 0x0000000089700000|100%| O|  |TAMS 0x0000000089600000| PB 0x0000000089600000| Untracked 
| 151|0x0000000089700000, 0x0000000089800000, 0x0000000089800000|100%| O|  |TAMS 0x0000000089700000| PB 0x0000000089700000| Untracked 
| 152|0x0000000089800000, 0x0000000089900000, 0x0000000089900000|100%| O|  |TAMS 0x0000000089800000| PB 0x0000000089800000| Untracked 
| 153|0x0000000089900000, 0x0000000089a00000, 0x0000000089a00000|100%| O|  |TAMS 0x0000000089900000| PB 0x0000000089900000| Untracked 
| 154|0x0000000089a00000, 0x0000000089b00000, 0x0000000089b00000|100%| O|  |TAMS 0x0000000089a00000| PB 0x0000000089a00000| Untracked 
| 155|0x0000000089b00000, 0x0000000089c00000, 0x0000000089c00000|100%| O|  |TAMS 0x0000000089b00000| PB 0x0000000089b00000| Untracked 
| 156|0x0000000089c00000, 0x0000000089d00000, 0x0000000089d00000|100%| O|  |TAMS 0x0000000089c00000| PB 0x0000000089c00000| Untracked 
| 157|0x0000000089d00000, 0x0000000089daf780, 0x0000000089e00000| 68%| O|  |TAMS 0x0000000089d00000| PB 0x0000000089d00000| Untracked 
| 158|0x0000000089e00000, 0x0000000089e00000, 0x0000000089f00000|  0%| F|  |TAMS 0x0000000089e00000| PB 0x0000000089e00000| Untracked 
| 159|0x0000000089f00000, 0x0000000089f00000, 0x000000008a000000|  0%| F|  |TAMS 0x0000000089f00000| PB 0x0000000089f00000| Untracked 
| 160|0x000000008a000000, 0x000000008a000000, 0x000000008a100000|  0%| F|  |TAMS 0x000000008a000000| PB 0x000000008a000000| Untracked 
| 161|0x000000008a100000, 0x000000008a100000, 0x000000008a200000|  0%| F|  |TAMS 0x000000008a100000| PB 0x000000008a100000| Untracked 
| 162|0x000000008a200000, 0x000000008a200000, 0x000000008a300000|  0%| F|  |TAMS 0x000000008a200000| PB 0x000000008a200000| Untracked 
| 163|0x000000008a300000, 0x000000008a300000, 0x000000008a400000|  0%| F|  |TAMS 0x000000008a300000| PB 0x000000008a300000| Untracked 
| 164|0x000000008a400000, 0x000000008a400000, 0x000000008a500000|  0%| F|  |TAMS 0x000000008a400000| PB 0x000000008a400000| Untracked 
| 165|0x000000008a500000, 0x000000008a500000, 0x000000008a600000|  0%| F|  |TAMS 0x000000008a500000| PB 0x000000008a500000| Untracked 
| 166|0x000000008a600000, 0x000000008a600000, 0x000000008a700000|  0%| F|  |TAMS 0x000000008a600000| PB 0x000000008a600000| Untracked 
| 167|0x000000008a700000, 0x000000008a700000, 0x000000008a800000|  0%| F|  |TAMS 0x000000008a700000| PB 0x000000008a700000| Untracked 
| 168|0x000000008a800000, 0x000000008a800000, 0x000000008a900000|  0%| F|  |TAMS 0x000000008a800000| PB 0x000000008a800000| Untracked 
| 169|0x000000008a900000, 0x000000008a900000, 0x000000008aa00000|  0%| F|  |TAMS 0x000000008a900000| PB 0x000000008a900000| Untracked 
| 170|0x000000008aa00000, 0x000000008aa00000, 0x000000008ab00000|  0%| F|  |TAMS 0x000000008aa00000| PB 0x000000008aa00000| Untracked 
| 171|0x000000008ab00000, 0x000000008ab00000, 0x000000008ac00000|  0%| F|  |TAMS 0x000000008ab00000| PB 0x000000008ab00000| Untracked 
| 172|0x000000008ac00000, 0x000000008ac00000, 0x000000008ad00000|  0%| F|  |TAMS 0x000000008ac00000| PB 0x000000008ac00000| Untracked 
| 173|0x000000008ad00000, 0x000000008ad00000, 0x000000008ae00000|  0%| F|  |TAMS 0x000000008ad00000| PB 0x000000008ad00000| Untracked 
| 174|0x000000008ae00000, 0x000000008ae00000, 0x000000008af00000|  0%| F|  |TAMS 0x000000008ae00000| PB 0x000000008ae00000| Untracked 
| 175|0x000000008af00000, 0x000000008af00000, 0x000000008b000000|  0%| F|  |TAMS 0x000000008af00000| PB 0x000000008af00000| Untracked 
| 176|0x000000008b000000, 0x000000008b000000, 0x000000008b100000|  0%| F|  |TAMS 0x000000008b000000| PB 0x000000008b000000| Untracked 
| 177|0x000000008b100000, 0x000000008b100000, 0x000000008b200000|  0%| F|  |TAMS 0x000000008b100000| PB 0x000000008b100000| Untracked 
| 178|0x000000008b200000, 0x000000008b200000, 0x000000008b300000|  0%| F|  |TAMS 0x000000008b200000| PB 0x000000008b200000| Untracked 
| 179|0x000000008b300000, 0x000000008b300000, 0x000000008b400000|  0%| F|  |TAMS 0x000000008b300000| PB 0x000000008b300000| Untracked 
| 180|0x000000008b400000, 0x000000008b400000, 0x000000008b500000|  0%| F|  |TAMS 0x000000008b400000| PB 0x000000008b400000| Untracked 
| 181|0x000000008b500000, 0x000000008b600000, 0x000000008b600000|100%| S|CS|TAMS 0x000000008b500000| PB 0x000000008b500000| Complete 
| 182|0x000000008b600000, 0x000000008b700000, 0x000000008b700000|100%| S|CS|TAMS 0x000000008b600000| PB 0x000000008b600000| Complete 
| 183|0x000000008b700000, 0x000000008b800000, 0x000000008b800000|100%| S|CS|TAMS 0x000000008b700000| PB 0x000000008b700000| Complete 
| 184|0x000000008b800000, 0x000000008b900000, 0x000000008b900000|100%| S|CS|TAMS 0x000000008b800000| PB 0x000000008b800000| Complete 
| 185|0x000000008b900000, 0x000000008ba00000, 0x000000008ba00000|100%| S|CS|TAMS 0x000000008b900000| PB 0x000000008b900000| Complete 
| 186|0x000000008ba00000, 0x000000008bb00000, 0x000000008bb00000|100%| S|CS|TAMS 0x000000008ba00000| PB 0x000000008ba00000| Complete 
| 187|0x000000008bb00000, 0x000000008bc00000, 0x000000008bc00000|100%| S|CS|TAMS 0x000000008bb00000| PB 0x000000008bb00000| Complete 
| 188|0x000000008bc00000, 0x000000008bd00000, 0x000000008bd00000|100%| S|CS|TAMS 0x000000008bc00000| PB 0x000000008bc00000| Complete 
| 189|0x000000008bd00000, 0x000000008bd00000, 0x000000008be00000|  0%| F|  |TAMS 0x000000008bd00000| PB 0x000000008bd00000| Untracked 
| 190|0x000000008be00000, 0x000000008be00000, 0x000000008bf00000|  0%| F|  |TAMS 0x000000008be00000| PB 0x000000008be00000| Untracked 
| 191|0x000000008bf00000, 0x000000008bf00000, 0x000000008c000000|  0%| F|  |TAMS 0x000000008bf00000| PB 0x000000008bf00000| Untracked 
| 192|0x000000008c000000, 0x000000008c000000, 0x000000008c100000|  0%| F|  |TAMS 0x000000008c000000| PB 0x000000008c000000| Untracked 
| 193|0x000000008c100000, 0x000000008c100000, 0x000000008c200000|  0%| F|  |TAMS 0x000000008c100000| PB 0x000000008c100000| Untracked 
| 194|0x000000008c200000, 0x000000008c200000, 0x000000008c300000|  0%| F|  |TAMS 0x000000008c200000| PB 0x000000008c200000| Untracked 
| 195|0x000000008c300000, 0x000000008c300000, 0x000000008c400000|  0%| F|  |TAMS 0x000000008c300000| PB 0x000000008c300000| Untracked 
| 196|0x000000008c400000, 0x000000008c400000, 0x000000008c500000|  0%| F|  |TAMS 0x000000008c400000| PB 0x000000008c400000| Untracked 
| 197|0x000000008c500000, 0x000000008c500000, 0x000000008c600000|  0%| F|  |TAMS 0x000000008c500000| PB 0x000000008c500000| Untracked 
| 198|0x000000008c600000, 0x000000008c600000, 0x000000008c700000|  0%| F|  |TAMS 0x000000008c600000| PB 0x000000008c600000| Untracked 
| 199|0x000000008c700000, 0x000000008c700000, 0x000000008c800000|  0%| F|  |TAMS 0x000000008c700000| PB 0x000000008c700000| Untracked 
| 200|0x000000008c800000, 0x000000008c800000, 0x000000008c900000|  0%| F|  |TAMS 0x000000008c800000| PB 0x000000008c800000| Untracked 
| 201|0x000000008c900000, 0x000000008c900000, 0x000000008ca00000|  0%| F|  |TAMS 0x000000008c900000| PB 0x000000008c900000| Untracked 
| 202|0x000000008ca00000, 0x000000008ca00000, 0x000000008cb00000|  0%| F|  |TAMS 0x000000008ca00000| PB 0x000000008ca00000| Untracked 
| 203|0x000000008cb00000, 0x000000008cb00000, 0x000000008cc00000|  0%| F|  |TAMS 0x000000008cb00000| PB 0x000000008cb00000| Untracked 
| 204|0x000000008cc00000, 0x000000008cc00000, 0x000000008cd00000|  0%| F|  |TAMS 0x000000008cc00000| PB 0x000000008cc00000| Untracked 
| 205|0x000000008cd00000, 0x000000008cd00000, 0x000000008ce00000|  0%| F|  |TAMS 0x000000008cd00000| PB 0x000000008cd00000| Untracked 
| 206|0x000000008ce00000, 0x000000008ce00000, 0x000000008cf00000|  0%| F|  |TAMS 0x000000008ce00000| PB 0x000000008ce00000| Untracked 
| 207|0x000000008cf00000, 0x000000008cf00000, 0x000000008d000000|  0%| F|  |TAMS 0x000000008cf00000| PB 0x000000008cf00000| Untracked 
| 208|0x000000008d000000, 0x000000008d000000, 0x000000008d100000|  0%| F|  |TAMS 0x000000008d000000| PB 0x000000008d000000| Untracked 
| 209|0x000000008d100000, 0x000000008d100000, 0x000000008d200000|  0%| F|  |TAMS 0x000000008d100000| PB 0x000000008d100000| Untracked 
| 210|0x000000008d200000, 0x000000008d28a4a8, 0x000000008d300000| 54%| E|  |TAMS 0x000000008d200000| PB 0x000000008d200000| Complete 
| 211|0x000000008d300000, 0x000000008d400000, 0x000000008d400000|100%| E|CS|TAMS 0x000000008d300000| PB 0x000000008d300000| Complete 
| 212|0x000000008d400000, 0x000000008d500000, 0x000000008d500000|100%| E|CS|TAMS 0x000000008d400000| PB 0x000000008d400000| Complete 
| 213|0x000000008d500000, 0x000000008d600000, 0x000000008d600000|100%| E|CS|TAMS 0x000000008d500000| PB 0x000000008d500000| Complete 
| 214|0x000000008d600000, 0x000000008d700000, 0x000000008d700000|100%| E|CS|TAMS 0x000000008d600000| PB 0x000000008d600000| Complete 
| 215|0x000000008d700000, 0x000000008d800000, 0x000000008d800000|100%| E|CS|TAMS 0x000000008d700000| PB 0x000000008d700000| Complete 
| 216|0x000000008d800000, 0x000000008d900000, 0x000000008d900000|100%| E|CS|TAMS 0x000000008d800000| PB 0x000000008d800000| Complete 
| 217|0x000000008d900000, 0x000000008da00000, 0x000000008da00000|100%| E|CS|TAMS 0x000000008d900000| PB 0x000000008d900000| Complete 
| 218|0x000000008da00000, 0x000000008db00000, 0x000000008db00000|100%| E|CS|TAMS 0x000000008da00000| PB 0x000000008da00000| Complete 
| 219|0x000000008db00000, 0x000000008dc00000, 0x000000008dc00000|100%| E|CS|TAMS 0x000000008db00000| PB 0x000000008db00000| Complete 
| 220|0x000000008dc00000, 0x000000008dd00000, 0x000000008dd00000|100%| E|CS|TAMS 0x000000008dc00000| PB 0x000000008dc00000| Complete 
| 221|0x000000008dd00000, 0x000000008de00000, 0x000000008de00000|100%| E|CS|TAMS 0x000000008dd00000| PB 0x000000008dd00000| Complete 
| 222|0x000000008de00000, 0x000000008df00000, 0x000000008df00000|100%| E|CS|TAMS 0x000000008de00000| PB 0x000000008de00000| Complete 
| 223|0x000000008df00000, 0x000000008e000000, 0x000000008e000000|100%| E|CS|TAMS 0x000000008df00000| PB 0x000000008df00000| Complete 
| 224|0x000000008e000000, 0x000000008e100000, 0x000000008e100000|100%| E|CS|TAMS 0x000000008e000000| PB 0x000000008e000000| Complete 
| 225|0x000000008e100000, 0x000000008e200000, 0x000000008e200000|100%| E|CS|TAMS 0x000000008e100000| PB 0x000000008e100000| Complete 
| 226|0x000000008e200000, 0x000000008e300000, 0x000000008e300000|100%| E|CS|TAMS 0x000000008e200000| PB 0x000000008e200000| Complete 
| 227|0x000000008e300000, 0x000000008e400000, 0x000000008e400000|100%| E|CS|TAMS 0x000000008e300000| PB 0x000000008e300000| Complete 
| 228|0x000000008e400000, 0x000000008e500000, 0x000000008e500000|100%| E|CS|TAMS 0x000000008e400000| PB 0x000000008e400000| Complete 
| 229|0x000000008e500000, 0x000000008e600000, 0x000000008e600000|100%| E|CS|TAMS 0x000000008e500000| PB 0x000000008e500000| Complete 
| 230|0x000000008e600000, 0x000000008e700000, 0x000000008e700000|100%| E|CS|TAMS 0x000000008e600000| PB 0x000000008e600000| Complete 
| 231|0x000000008e700000, 0x000000008e800000, 0x000000008e800000|100%| E|CS|TAMS 0x000000008e700000| PB 0x000000008e700000| Complete 
| 232|0x000000008e800000, 0x000000008e900000, 0x000000008e900000|100%| E|CS|TAMS 0x000000008e800000| PB 0x000000008e800000| Complete 
| 233|0x000000008e900000, 0x000000008ea00000, 0x000000008ea00000|100%| E|CS|TAMS 0x000000008e900000| PB 0x000000008e900000| Complete 
| 234|0x000000008ea00000, 0x000000008eb00000, 0x000000008eb00000|100%| E|CS|TAMS 0x000000008ea00000| PB 0x000000008ea00000| Complete 
| 235|0x000000008eb00000, 0x000000008ec00000, 0x000000008ec00000|100%| E|CS|TAMS 0x000000008eb00000| PB 0x000000008eb00000| Complete 
| 236|0x000000008ec00000, 0x000000008ed00000, 0x000000008ed00000|100%| E|CS|TAMS 0x000000008ec00000| PB 0x000000008ec00000| Complete 
| 237|0x000000008ed00000, 0x000000008ee00000, 0x000000008ee00000|100%| E|CS|TAMS 0x000000008ed00000| PB 0x000000008ed00000| Complete 
| 238|0x000000008ee00000, 0x000000008ef00000, 0x000000008ef00000|100%| E|CS|TAMS 0x000000008ee00000| PB 0x000000008ee00000| Complete 
| 239|0x000000008ef00000, 0x000000008f000000, 0x000000008f000000|100%| E|CS|TAMS 0x000000008ef00000| PB 0x000000008ef00000| Complete 
| 240|0x000000008f000000, 0x000000008f100000, 0x000000008f100000|100%| E|CS|TAMS 0x000000008f000000| PB 0x000000008f000000| Complete 
| 241|0x000000008f100000, 0x000000008f200000, 0x000000008f200000|100%| E|CS|TAMS 0x000000008f100000| PB 0x000000008f100000| Complete 
| 242|0x000000008f200000, 0x000000008f300000, 0x000000008f300000|100%| E|CS|TAMS 0x000000008f200000| PB 0x000000008f200000| Complete 
| 243|0x000000008f300000, 0x000000008f400000, 0x000000008f400000|100%| E|CS|TAMS 0x000000008f300000| PB 0x000000008f300000| Complete 
| 244|0x000000008f400000, 0x000000008f500000, 0x000000008f500000|100%| E|CS|TAMS 0x000000008f400000| PB 0x000000008f400000| Complete 
| 245|0x000000008f500000, 0x000000008f600000, 0x000000008f600000|100%| E|CS|TAMS 0x000000008f500000| PB 0x000000008f500000| Complete 
| 246|0x000000008f600000, 0x000000008f700000, 0x000000008f700000|100%| E|CS|TAMS 0x000000008f600000| PB 0x000000008f600000| Complete 
| 247|0x000000008f700000, 0x000000008f800000, 0x000000008f800000|100%| E|CS|TAMS 0x000000008f700000| PB 0x000000008f700000| Complete 
| 248|0x000000008f800000, 0x000000008f900000, 0x000000008f900000|100%| E|CS|TAMS 0x000000008f800000| PB 0x000000008f800000| Complete 
| 249|0x000000008f900000, 0x000000008fa00000, 0x000000008fa00000|100%| E|CS|TAMS 0x000000008f900000| PB 0x000000008f900000| Complete 
| 250|0x000000008fa00000, 0x000000008fb00000, 0x000000008fb00000|100%| E|CS|TAMS 0x000000008fa00000| PB 0x000000008fa00000| Complete 
| 251|0x000000008fb00000, 0x000000008fc00000, 0x000000008fc00000|100%| E|CS|TAMS 0x000000008fb00000| PB 0x000000008fb00000| Complete 
| 252|0x000000008fc00000, 0x000000008fd00000, 0x000000008fd00000|100%| E|CS|TAMS 0x000000008fc00000| PB 0x000000008fc00000| Complete 
| 253|0x000000008fd00000, 0x000000008fe00000, 0x000000008fe00000|100%| E|CS|TAMS 0x000000008fd00000| PB 0x000000008fd00000| Complete 
| 254|0x000000008fe00000, 0x000000008ff00000, 0x000000008ff00000|100%| E|CS|TAMS 0x000000008fe00000| PB 0x000000008fe00000| Complete 
| 255|0x000000008ff00000, 0x0000000090000000, 0x0000000090000000|100%| E|CS|TAMS 0x000000008ff00000| PB 0x000000008ff00000| Complete 
| 256|0x0000000090000000, 0x0000000090100000, 0x0000000090100000|100%| E|CS|TAMS 0x0000000090000000| PB 0x0000000090000000| Complete 
| 257|0x0000000090100000, 0x0000000090200000, 0x0000000090200000|100%| E|CS|TAMS 0x0000000090100000| PB 0x0000000090100000| Complete 
| 258|0x0000000090200000, 0x0000000090300000, 0x0000000090300000|100%| E|CS|TAMS 0x0000000090200000| PB 0x0000000090200000| Complete 
| 259|0x0000000090300000, 0x0000000090400000, 0x0000000090400000|100%| E|CS|TAMS 0x0000000090300000| PB 0x0000000090300000| Complete 
| 260|0x0000000090400000, 0x0000000090500000, 0x0000000090500000|100%| E|CS|TAMS 0x0000000090400000| PB 0x0000000090400000| Complete 
|2040|0x00000000ff800000, 0x00000000ff900000, 0x00000000ff900000|100%| E|CS|TAMS 0x00000000ff800000| PB 0x00000000ff800000| Complete 
|2041|0x00000000ff900000, 0x00000000ffa00000, 0x00000000ffa00000|100%| E|CS|TAMS 0x00000000ff900000| PB 0x00000000ff900000| Complete 
|2042|0x00000000ffa00000, 0x00000000ffb00000, 0x00000000ffb00000|100%| E|CS|TAMS 0x00000000ffa00000| PB 0x00000000ffa00000| Complete 
|2043|0x00000000ffb00000, 0x00000000ffc00000, 0x00000000ffc00000|100%| O|  |TAMS 0x00000000ffb00000| PB 0x00000000ffb00000| Untracked 
|2044|0x00000000ffc00000, 0x00000000ffd00000, 0x00000000ffd00000|100%| O|  |TAMS 0x00000000ffc00000| PB 0x00000000ffc00000| Untracked 
|2045|0x00000000ffd00000, 0x00000000ffe00000, 0x00000000ffe00000|100%| O|  |TAMS 0x00000000ffd00000| PB 0x00000000ffd00000| Untracked 
|2046|0x00000000ffe00000, 0x00000000fff00000, 0x00000000fff00000|100%| O|  |TAMS 0x00000000ffe00000| PB 0x00000000ffe00000| Untracked 
|2047|0x00000000fff00000, 0x0000000100000000, 0x0000000100000000|100%| O|  |TAMS 0x00000000fff00000| PB 0x00000000fff00000| Untracked 

Card table byte_map: [0x000002bc4fd70000,0x000002bc50170000] _byte_map_base: 0x000002bc4f970000

Marking Bits: (CMBitMap*) 0x000002bc37fc9200
 Bits: [0x000002bc50170000, 0x000002bc52170000)

Polling page: 0x000002bc35e40000

Metaspace:

Usage:
  Non-class:    120.23 MB used.
      Class:     17.50 MB used.
       Both:    137.73 MB used.

Virtual space:
  Non-class space:      128.00 MB reserved,     121.44 MB ( 95%) committed,  2 nodes.
      Class space:        1.00 GB reserved,      18.69 MB (  2%) committed,  1 nodes.
             Both:        1.12 GB reserved,     140.12 MB ( 12%) committed. 

Chunk freelists:
   Non-Class:  6.30 MB
       Class:  13.31 MB
        Both:  19.61 MB

MaxMetaspaceSize: unlimited
CompressedClassSpaceSize: 1.00 GB
Initial GC threshold: 21.00 MB
Current GC threshold: 199.50 MB
CDS: on
 - commit_granule_bytes: 65536.
 - commit_granule_words: 8192.
 - virtual_space_node_default_size: 8388608.
 - enlarge_chunks_in_place: 1.
 - use_allocation_guard: 0.


Internal statistics:

num_allocs_failed_limit: 12.
num_arena_births: 4328.
num_arena_deaths: 0.
num_vsnodes_births: 3.
num_vsnodes_deaths: 0.
num_space_committed: 2241.
num_space_uncommitted: 0.
num_chunks_returned_to_freelist: 12.
num_chunks_taken_from_freelist: 10230.
num_chunk_merges: 12.
num_chunk_splits: 7166.
num_chunks_enlarged: 5017.
num_inconsistent_stats: 0.

CodeHeap 'non-profiled nmethods': size=120000Kb used=7808Kb max_used=7808Kb free=112191Kb
 bounds [0x000002bc47ee0000, 0x000002bc48690000, 0x000002bc4f410000]
CodeHeap 'profiled nmethods': size=120000Kb used=30745Kb max_used=30745Kb free=89255Kb
 bounds [0x000002bc40410000, 0x000002bc42220000, 0x000002bc47940000]
CodeHeap 'non-nmethods': size=5760Kb used=2466Kb max_used=2516Kb free=3293Kb
 bounds [0x000002bc47940000, 0x000002bc47bd0000, 0x000002bc47ee0000]
 total_blobs=14485 nmethods=13379 adapters=1009
 compilation: enabled
              stopped_count=0, restarted_count=0
 full_count=0

Compilation events (20 events):
Event: 87.552 Thread 0x000002bc54e080f0 15468       3       com.google.common.collect.ImmutableList::indexOf (14 bytes)
Event: 87.552 Thread 0x000002bc54e080f0 nmethod 15468 0x000002bc42208a10 code [0x000002bc42208bc0, 0x000002bc42208d50]
Event: 87.553 Thread 0x000002bc54e080f0 15469       3       org.gradle.api.internal.provider.DefaultPropertyFactory::property (145 bytes)
Event: 87.557 Thread 0x000002bc54e080f0 nmethod 15469 0x000002bc42208e10 code [0x000002bc42209580, 0x000002bc4220cb20]
Event: 87.557 Thread 0x000002bc54e080f0 15470       1       org.gradle.internal.extensibility.ExtensibleDynamicObject::getExtensions (5 bytes)
Event: 87.557 Thread 0x000002bc54e080f0 nmethod 15470 0x000002bc4867fd10 code [0x000002bc4867fea0, 0x000002bc4867ff68]
Event: 87.558 Thread 0x000002bc54e080f0 15471       3       org.gradle.api.internal.artifacts.configurations.DefaultConfiguration::validateMutation (80 bytes)
Event: 87.560 Thread 0x000002bc54e080f0 nmethod 15471 0x000002bc4220df10 code [0x000002bc4220e260, 0x000002bc4220f718]
Event: 87.560 Thread 0x000002bc54e080f0 15473       3       org.gradle.internal.service.DefaultServiceRegistry::noLongerMutable (15 bytes)
Event: 87.561 Thread 0x000002bc54e080f0 nmethod 15473 0x000002bc4220fd90 code [0x000002bc42210040, 0x000002bc42210cc0]
Event: 87.562 Thread 0x000002bc54e080f0 15472       3       org.gradle.api.internal.artifacts.configurations.DefaultConfiguration::isMutationForbidden (67 bytes)
Event: 87.563 Thread 0x000002bc54e080f0 nmethod 15472 0x000002bc42211110 code [0x000002bc422113c0, 0x000002bc422123b8]
Event: 87.570 Thread 0x000002bc54e080f0 15474       3       java.net.URI::hashIgnoringCase (45 bytes)
Event: 87.571 Thread 0x000002bc54e080f0 nmethod 15474 0x000002bc42212810 code [0x000002bc42212a40, 0x000002bc42213290]
Event: 87.582 Thread 0x000002bc54e080f0 15475       2       org.codehaus.groovy.util.ManagedReference::get (10 bytes)
Event: 87.582 Thread 0x000002bc54e080f0 nmethod 15475 0x000002bc42213610 code [0x000002bc422137c0, 0x000002bc422138f8]
Event: 87.583 Thread 0x000002bc54e080f0 15476   !   3       com.google.common.cache.LocalCache$Segment::get (210 bytes)
Event: 87.585 Thread 0x000002bc54e080f0 nmethod 15476 0x000002bc42213990 code [0x000002bc42213da0, 0x000002bc42215698]
Event: 87.643 Thread 0x000002bc54e080f0 15477       1       org.gradle.plugin.use.internal.DefaultPluginId::toString (5 bytes)
Event: 87.643 Thread 0x000002bc54e080f0 nmethod 15477 0x000002bc48680010 code [0x000002bc486801a0, 0x000002bc48680268]

GC Heap History (20 events):
Event: 42.446 GC heap before
{Heap before GC invocations=35 (full 0):
 garbage-first heap   total 165888K, used 142920K [0x0000000080000000, 0x0000000100000000)
  region size 1024K, 41 young (41984K), 6 survivors (6144K)
 Metaspace       used 91906K, committed 94272K, reserved 1179648K
  class space    used 12905K, committed 14080K, reserved 1048576K
}
Event: 42.456 GC heap after
{Heap after GC invocations=36 (full 0):
 garbage-first heap   total 168960K, used 123904K [0x0000000080000000, 0x0000000100000000)
  region size 1024K, 6 young (6144K), 6 survivors (6144K)
 Metaspace       used 91906K, committed 94272K, reserved 1179648K
  class space    used 12905K, committed 14080K, reserved 1048576K
}
Event: 42.888 GC heap before
{Heap before GC invocations=36 (full 0):
 garbage-first heap   total 168960K, used 148480K [0x0000000080000000, 0x0000000100000000)
  region size 1024K, 30 young (30720K), 6 survivors (6144K)
 Metaspace       used 94374K, committed 96704K, reserved 1179648K
  class space    used 13166K, committed 14336K, reserved 1048576K
}
Event: 42.894 GC heap after
{Heap after GC invocations=37 (full 0):
 garbage-first heap   total 168960K, used 127931K [0x0000000080000000, 0x0000000100000000)
  region size 1024K, 3 young (3072K), 3 survivors (3072K)
 Metaspace       used 94374K, committed 96704K, reserved 1179648K
  class space    used 13166K, committed 14336K, reserved 1048576K
}
Event: 43.368 GC heap before
{Heap before GC invocations=38 (full 0):
 garbage-first heap   total 219136K, used 150459K [0x0000000080000000, 0x0000000100000000)
  region size 1024K, 26 young (26624K), 3 survivors (3072K)
 Metaspace       used 97051K, committed 99392K, reserved 1179648K
  class space    used 13429K, committed 14592K, reserved 1048576K
}
Event: 43.372 GC heap after
{Heap after GC invocations=39 (full 0):
 garbage-first heap   total 219136K, used 130056K [0x0000000080000000, 0x0000000100000000)
  region size 1024K, 2 young (2048K), 2 survivors (2048K)
 Metaspace       used 97051K, committed 99392K, reserved 1179648K
  class space    used 13429K, committed 14592K, reserved 1048576K
}
Event: 46.312 GC heap before
{Heap before GC invocations=39 (full 0):
 garbage-first heap   total 219136K, used 181256K [0x0000000080000000, 0x0000000100000000)
  region size 1024K, 53 young (54272K), 2 survivors (2048K)
 Metaspace       used 102313K, committed 104640K, reserved 1179648K
  class space    used 13916K, committed 15104K, reserved 1048576K
}
Event: 46.318 GC heap after
{Heap after GC invocations=40 (full 0):
 garbage-first heap   total 219136K, used 132124K [0x0000000080000000, 0x0000000100000000)
  region size 1024K, 6 young (6144K), 6 survivors (6144K)
 Metaspace       used 102313K, committed 104640K, reserved 1179648K
  class space    used 13916K, committed 15104K, reserved 1048576K
}
Event: 49.669 GC heap before
{Heap before GC invocations=40 (full 0):
 garbage-first heap   total 219136K, used 184348K [0x0000000080000000, 0x0000000100000000)
  region size 1024K, 58 young (59392K), 6 survivors (6144K)
 Metaspace       used 109493K, committed 111936K, reserved 1179648K
  class space    used 14655K, committed 15872K, reserved 1048576K
}
Event: 49.676 GC heap after
{Heap after GC invocations=41 (full 0):
 garbage-first heap   total 219136K, used 134390K [0x0000000080000000, 0x0000000100000000)
  region size 1024K, 7 young (7168K), 7 survivors (7168K)
 Metaspace       used 109493K, committed 111936K, reserved 1179648K
  class space    used 14655K, committed 15872K, reserved 1048576K
}
Event: 57.052 GC heap before
{Heap before GC invocations=42 (full 0):
 garbage-first heap   total 229376K, used 189686K [0x0000000080000000, 0x0000000100000000)
  region size 1024K, 61 young (62464K), 7 survivors (7168K)
 Metaspace       used 112814K, committed 115200K, reserved 1179648K
  class space    used 14984K, committed 16192K, reserved 1048576K
}
Event: 57.067 GC heap after
{Heap after GC invocations=43 (full 0):
 garbage-first heap   total 229376K, used 142830K [0x0000000080000000, 0x0000000100000000)
  region size 1024K, 8 young (8192K), 8 survivors (8192K)
 Metaspace       used 112814K, committed 115200K, reserved 1179648K
  class space    used 14984K, committed 16192K, reserved 1048576K
}
Event: 58.969 GC heap before
{Heap before GC invocations=43 (full 0):
 garbage-first heap   total 229376K, used 201198K [0x0000000080000000, 0x0000000100000000)
  region size 1024K, 64 young (65536K), 8 survivors (8192K)
 Metaspace       used 116858K, committed 119296K, reserved 1179648K
  class space    used 15496K, committed 16704K, reserved 1048576K
}
Event: 58.989 GC heap after
{Heap after GC invocations=44 (full 0):
 garbage-first heap   total 229376K, used 155217K [0x0000000080000000, 0x0000000100000000)
  region size 1024K, 8 young (8192K), 8 survivors (8192K)
 Metaspace       used 116858K, committed 119296K, reserved 1179648K
  class space    used 15496K, committed 16704K, reserved 1048576K
}
Event: 62.446 GC heap before
{Heap before GC invocations=44 (full 0):
 garbage-first heap   total 229376K, used 202321K [0x0000000080000000, 0x0000000100000000)
  region size 1024K, 54 young (55296K), 8 survivors (8192K)
 Metaspace       used 120139K, committed 122560K, reserved 1179648K
  class space    used 15772K, committed 17024K, reserved 1048576K
}
Event: 62.460 GC heap after
{Heap after GC invocations=45 (full 0):
 garbage-first heap   total 229376K, used 163840K [0x0000000080000000, 0x0000000100000000)
  region size 1024K, 7 young (7168K), 7 survivors (7168K)
 Metaspace       used 120139K, committed 122560K, reserved 1179648K
  class space    used 15772K, committed 17024K, reserved 1048576K
}
Event: 65.807 GC heap before
{Heap before GC invocations=46 (full 0):
 garbage-first heap   total 275456K, used 204800K [0x0000000080000000, 0x0000000100000000)
  region size 1024K, 48 young (49152K), 7 survivors (7168K)
 Metaspace       used 125220K, committed 127680K, reserved 1179648K
  class space    used 16210K, committed 17472K, reserved 1048576K
}
Event: 65.819 GC heap after
{Heap after GC invocations=47 (full 0):
 garbage-first heap   total 275456K, used 167356K [0x0000000080000000, 0x0000000100000000)
  region size 1024K, 4 young (4096K), 4 survivors (4096K)
 Metaspace       used 125220K, committed 127680K, reserved 1179648K
  class space    used 16210K, committed 17472K, reserved 1048576K
}
Event: 78.368 GC heap before
{Heap before GC invocations=47 (full 0):
 garbage-first heap   total 275456K, used 239036K [0x0000000080000000, 0x0000000100000000)
  region size 1024K, 75 young (76800K), 4 survivors (4096K)
 Metaspace       used 133647K, committed 136192K, reserved 1179648K
  class space    used 17154K, committed 18432K, reserved 1048576K
}
Event: 78.386 GC heap after
{Heap after GC invocations=48 (full 0):
 garbage-first heap   total 275456K, used 170685K [0x0000000080000000, 0x0000000100000000)
  region size 1024K, 8 young (8192K), 8 survivors (8192K)
 Metaspace       used 133647K, committed 136192K, reserved 1179648K
  class space    used 17154K, committed 18432K, reserved 1048576K
}

Dll operation events (15 events):
Event: 0.015 Loaded shared library C:\Program Files\Java\jdk-21.0.10\bin\java.dll
Event: 0.052 Loaded shared library C:\Program Files\Java\jdk-21.0.10\bin\jsvml.dll
Event: 0.103 Loaded shared library C:\Program Files\Java\jdk-21.0.10\bin\zip.dll
Event: 0.106 Loaded shared library C:\Program Files\Java\jdk-21.0.10\bin\instrument.dll
Event: 0.113 Loaded shared library C:\Program Files\Java\jdk-21.0.10\bin\net.dll
Event: 0.116 Loaded shared library C:\Program Files\Java\jdk-21.0.10\bin\nio.dll
Event: 0.119 Loaded shared library C:\Program Files\Java\jdk-21.0.10\bin\zip.dll
Event: 0.278 Loaded shared library C:\Program Files\Java\jdk-21.0.10\bin\jimage.dll
Event: 0.584 Loaded shared library C:\Program Files\Java\jdk-21.0.10\bin\verify.dll
Event: 0.692 Loaded shared library C:\Users\Admin\.gradle\native\660c5614fbf4a5f2a75b1949f50a0caf5cd603558e7d8a26e50b933a0cfb79d1\windows-amd64\native-platform.dll
Event: 0.720 Loaded shared library C:\Users\Admin\.gradle\native\0.2.8\x86_64-windows-gnu\gradle-fileevents.dll
Event: 2.414 Loaded shared library C:\Program Files\Java\jdk-21.0.10\bin\management.dll
Event: 2.422 Loaded shared library C:\Program Files\Java\jdk-21.0.10\bin\management_ext.dll
Event: 2.853 Loaded shared library C:\Program Files\Java\jdk-21.0.10\bin\extnet.dll
Event: 7.241 Loaded shared library C:\Program Files\Java\jdk-21.0.10\bin\sunmscapi.dll

Deoptimization events (20 events):
Event: 86.683 Thread 0x000002bc96251790 Uncommon trap: trap_request=0xffffffde fr.pc=0x000002bc483e6828 relative=0x0000000000000248
Event: 86.683 Thread 0x000002bc96251790 Uncommon trap: reason=class_check action=maybe_recompile pc=0x000002bc483e6828 method=java.nio.ByteBuffer.getArray(I[BII)Ljava/nio/ByteBuffer; @ 49 c2
Event: 86.683 Thread 0x000002bc96251790 DEOPT PACKING pc=0x000002bc483e6828 sp=0x000000e2dbefed60
Event: 86.683 Thread 0x000002bc96251790 DEOPT UNPACKING pc=0x000002bc479946a2 sp=0x000000e2dbefec88 mode 2
Event: 86.690 Thread 0x000002bc96251790 Uncommon trap: trap_request=0xffffffde fr.pc=0x000002bc483e6828 relative=0x0000000000000248
Event: 86.690 Thread 0x000002bc96251790 Uncommon trap: reason=class_check action=maybe_recompile pc=0x000002bc483e6828 method=java.nio.ByteBuffer.getArray(I[BII)Ljava/nio/ByteBuffer; @ 49 c2
Event: 86.690 Thread 0x000002bc96251790 DEOPT PACKING pc=0x000002bc483e6828 sp=0x000000e2dbefed60
Event: 86.690 Thread 0x000002bc96251790 DEOPT UNPACKING pc=0x000002bc479946a2 sp=0x000000e2dbefec88 mode 2
Event: 87.234 Thread 0x000002bc96252b40 Uncommon trap: trap_request=0xffffffbe fr.pc=0x000002bc483e8aa4 relative=0x0000000000000a04
Event: 87.234 Thread 0x000002bc96252b40 Uncommon trap: reason=profile_predicate action=maybe_recompile pc=0x000002bc483e8aa4 method=java.util.regex.Pattern$BnM.optimize(Ljava/util/regex/Pattern$Node;)Ljava/util/regex/Pattern$Node; @ 67 c2
Event: 87.234 Thread 0x000002bc96252b40 DEOPT PACKING pc=0x000002bc483e8aa4 sp=0x000000e2db9f75e0
Event: 87.234 Thread 0x000002bc96252b40 DEOPT UNPACKING pc=0x000002bc479946a2 sp=0x000000e2db9f7540 mode 2
Event: 87.234 Thread 0x000002bc96252b40 Uncommon trap: trap_request=0xffffffbe fr.pc=0x000002bc483e8aa4 relative=0x0000000000000a04
Event: 87.234 Thread 0x000002bc96252b40 Uncommon trap: reason=profile_predicate action=maybe_recompile pc=0x000002bc483e8aa4 method=java.util.regex.Pattern$BnM.optimize(Ljava/util/regex/Pattern$Node;)Ljava/util/regex/Pattern$Node; @ 67 c2
Event: 87.234 Thread 0x000002bc96252b40 DEOPT PACKING pc=0x000002bc483e8aa4 sp=0x000000e2db9f75e0
Event: 87.234 Thread 0x000002bc96252b40 DEOPT UNPACKING pc=0x000002bc479946a2 sp=0x000000e2db9f7540 mode 2
Event: 87.234 Thread 0x000002bc96252b40 Uncommon trap: trap_request=0xffffffbe fr.pc=0x000002bc483dc3b0 relative=0x00000000000002d0
Event: 87.234 Thread 0x000002bc96252b40 Uncommon trap: reason=profile_predicate action=maybe_recompile pc=0x000002bc483dc3b0 method=java.util.regex.Pattern$BnM.optimize(Ljava/util/regex/Pattern$Node;)Ljava/util/regex/Pattern$Node; @ 67 c2
Event: 87.234 Thread 0x000002bc96252b40 DEOPT PACKING pc=0x000002bc483dc3b0 sp=0x000000e2db9f7580
Event: 87.234 Thread 0x000002bc96252b40 DEOPT UNPACKING pc=0x000002bc479946a2 sp=0x000000e2db9f7530 mode 2

Classes loaded (20 events):
Event: 47.976 Loading class java/text/CharacterIterator done
Event: 47.976 Loading class java/text/StringCharacterIterator done
Event: 49.277 Loading class java/util/PriorityQueue
Event: 49.280 Loading class java/util/PriorityQueue done
Event: 57.498 Loading class java/util/EnumMap$EntrySet
Event: 57.499 Loading class java/util/EnumMap$EntrySet done
Event: 57.499 Loading class java/util/EnumMap$EntryIterator
Event: 57.499 Loading class java/util/EnumMap$EnumMapIterator
Event: 57.499 Loading class java/util/EnumMap$EnumMapIterator done
Event: 57.499 Loading class java/util/EnumMap$EntryIterator done
Event: 57.499 Loading class java/util/EnumMap$EntryIterator$Entry
Event: 57.500 Loading class java/util/EnumMap$EntryIterator$Entry done
Event: 79.296 Loading class java/util/Vector$Itr
Event: 79.298 Loading class java/util/Vector$Itr done
Event: 86.442 Loading class java/util/zip/ZipInputStream
Event: 86.443 Loading class java/util/zip/ZipInputStream done
Event: 86.478 Loading class java/nio/file/SimpleFileVisitor
Event: 86.478 Loading class java/nio/file/SimpleFileVisitor done
Event: 86.541 Loading class java/io/CharArrayWriter
Event: 86.541 Loading class java/io/CharArrayWriter done

Classes unloaded (0 events):
No events

Classes redefined (0 events):
No events

Internal exceptions (20 events):
Event: 72.252 Thread 0x000002bc96252b40 Exception <a 'java/lang/NoSuchMethodError'{0x000000008df588c8}: 'java.lang.Object java.lang.invoke.DirectMethodHandle$Holder.newInvokeSpecial(java.lang.Object, int, java.lang.Object, int, int)'> (0x000000008df588c8) 
thrown [s\open\src\hotspot\share\interpreter\linkResolver.cpp, line 773]
Event: 72.356 Thread 0x000002bc96252b40 Exception <a 'java/lang/NoSuchMethodError'{0x000000008da97948}: 'java.lang.Object java.lang.invoke.DirectMethodHandle$Holder.newInvokeSpecial(java.lang.Object, int, java.lang.Object, int)'> (0x000000008da97948) 
thrown [s\open\src\hotspot\share\interpreter\linkResolver.cpp, line 773]
Event: 72.357 Thread 0x000002bc96252b40 Exception <a 'java/lang/NoSuchMethodError'{0x000000008da9cdc8}: 'java.lang.Object java.lang.invoke.DirectMethodHandle$Holder.invokeSpecial(java.lang.Object, java.lang.Object, int, java.lang.Object, int)'> (0x000000008da9cdc8) 
thrown [s\open\src\hotspot\share\interpreter\linkResolver.cpp, line 773]
Event: 78.003 Thread 0x000002bc96252b40 Exception <a 'java/lang/NoSuchMethodError'{0x000000008c96df98}: 'java.lang.Object java.lang.invoke.DirectMethodHandle$Holder.invokeStaticInit(java.lang.Object, int, java.lang.Object, java.lang.Object, java.lang.Object)'> (0x000000008c96df98) 
thrown [s\open\src\hotspot\share\interpreter\linkResolver.cpp, line 773]
Event: 78.923 Thread 0x000002bc96252b40 Exception <a 'java/lang/NoSuchMethodError'{0x000000008f517cd0}: 'java.lang.Object java.lang.invoke.DirectMethodHandle$Holder.invokeStatic(java.lang.Object, java.lang.Object, java.lang.Object, int, java.lang.Object, java.lang.Object, java.lang.Object, java.lang.Object)'> (0x000000008f517cd0) 
thrown [s\open\src\hotspot\share\interpreter\linkResolver.cpp, line 773]
Event: 79.100 Thread 0x000002bc96252b40 Exception <a 'java/lang/NoSuchMethodError'{0x000000008ee7a818}: 'java.lang.Object java.lang.invoke.DirectMethodHandle$Holder.invokeStatic(java.lang.Object, int, int)'> (0x000000008ee7a818) 
thrown [s\open\src\hotspot\share\interpreter\linkResolver.cpp, line 773]
Event: 79.211 Thread 0x000002bc96252b40 Exception <a 'java/lang/NoSuchMethodError'{0x000000008e972b88}: 'java.lang.Object java.lang.invoke.DirectMethodHandle$Holder.newInvokeSpecial(java.lang.Object, java.lang.Object, java.lang.Object, java.lang.Object, int, int, int, java.lang.Object)'> (0x000000008e972b88) 
thrown [s\open\src\hotspot\share\interpreter\linkResolver.cpp, line 773]
Event: 81.411 Thread 0x000002bc96252b40 Exception <a 'java/lang/NoSuchMethodError'{0x000000008e37aa68}: 'java.lang.Object java.lang.invoke.DirectMethodHandle$Holder.invokeStatic(java.lang.Object, java.lang.Object, int, int)'> (0x000000008e37aa68) 
thrown [s\open\src\hotspot\share\interpreter\linkResolver.cpp, line 773]
Event: 81.434 Thread 0x000002bc96252b40 Exception <a 'java/lang/NoSuchMethodError'{0x000000008e3c3a60}: 'java.lang.Object java.lang.invoke.DirectMethodHandle$Holder.invokeStatic(java.lang.Object, java.lang.Object, java.lang.Object, java.lang.Object, java.lang.Object, int, java.lang.Object, java.lang.Object)'> (0x000000008e3c3a60) 
thrown [s\open\src\hotspot\share\interpreter\linkResolver.cpp, line 773]
Event: 81.436 Thread 0x000002bc96252b40 Exception <a 'java/lang/NoSuchMethodError'{0x000000008e3ce040}: 'java.lang.Object java.lang.invoke.DirectMethodHandle$Holder.newInvokeSpecial(java.lang.Object, java.lang.Object, java.lang.Object, java.lang.Object, java.lang.Object, int, java.lang.Object)'> (0x000000008e3ce040) 
thrown [s\open\src\hotspot\share\interpreter\linkResolver.cpp, line 773]
Event: 81.438 Thread 0x000002bc96252b40 Exception <a 'java/lang/NoSuchMethodError'{0x000000008e3d36e8}: 'java.lang.Object java.lang.invoke.Invokers$Holder.linkToTargetMethod(java.lang.Object, java.lang.Object, java.lang.Object, java.lang.Object, int, java.lang.Object, java.lang.Object)'> (0x000000008e3d36e8) 
thrown [s\open\src\hotspot\share\interpreter\linkResolver.cpp, line 773]
Event: 85.217 Thread 0x000002bc96252b40 Exception <a 'java/lang/NoSuchMethodError'{0x000000008dc6a880}: 'void java.lang.invoke.DirectMethodHandle$Holder.invokeStaticInit(java.lang.Object, java.lang.Object, java.lang.Object, java.lang.Object, java.lang.Object, java.lang.Object, java.lang.Object, int)'> (0x000000008dc6a880) 
thrown [s\open\src\hotspot\share\interpreter\linkResolver.cpp, line 773]
Event: 86.205 Thread 0x000002bc96252b40 Exception <a 'sun/nio/fs/WindowsException'{0x000000008dac95a0}> (0x000000008dac95a0) 
thrown [s\open\src\hotspot\share\prims\jni.cpp, line 520]
Event: 86.209 Thread 0x000002bc96252b40 Exception <a 'sun/nio/fs/WindowsException'{0x000000008dacb230}> (0x000000008dacb230) 
thrown [s\open\src\hotspot\share\prims\jni.cpp, line 520]
Event: 86.384 Thread 0x000002bc96252b40 Exception <a 'sun/nio/fs/WindowsException'{0x000000008d9e8010}> (0x000000008d9e8010) 
thrown [s\open\src\hotspot\share\prims\jni.cpp, line 520]
Event: 86.405 Thread 0x000002bc96252b40 Exception <a 'sun/nio/fs/WindowsException'{0x000000008d9f0330}> (0x000000008d9f0330) 
thrown [s\open\src\hotspot\share\prims\jni.cpp, line 520]
Event: 86.429 Thread 0x000002bc96252b40 Exception <a 'sun/nio/fs/WindowsException'{0x000000008d82f5e0}> (0x000000008d82f5e0) 
thrown [s\open\src\hotspot\share\prims\jni.cpp, line 520]
Event: 86.437 Thread 0x000002bc96252b40 Exception <a 'sun/nio/fs/WindowsException'{0x000000008d849f68}> (0x000000008d849f68) 
thrown [s\open\src\hotspot\share\prims\jni.cpp, line 520]
Event: 86.455 Thread 0x000002bc96252b40 Exception <a 'sun/nio/fs/WindowsException'{0x000000008d85be20}> (0x000000008d85be20) 
thrown [s\open\src\hotspot\share\prims\jni.cpp, line 520]
Event: 86.894 Thread 0x000002bc96252b40 Exception <a 'sun/nio/fs/WindowsException'{0x000000008d7ce530}> (0x000000008d7ce530) 
thrown [s\open\src\hotspot\share\prims\jni.cpp, line 520]

ZGC Phase Switch (0 events):
No events

VM Operations (20 events):
Event: 80.877 Executing VM operation: HandshakeAllThreads (Deoptimize) done
Event: 81.300 Executing VM operation: HandshakeAllThreads (Deoptimize)
Event: 81.300 Executing VM operation: HandshakeAllThreads (Deoptimize) done
Event: 81.300 Executing VM operation: Cleanup
Event: 81.301 Executing VM operation: Cleanup done
Event: 81.690 Executing VM operation: HandshakeAllThreads (Deoptimize)
Event: 81.691 Executing VM operation: HandshakeAllThreads (Deoptimize) done
Event: 82.692 Executing VM operation: Cleanup
Event: 82.692 Executing VM operation: Cleanup done
Event: 84.714 Executing VM operation: Cleanup
Event: 84.714 Executing VM operation: Cleanup done
Event: 84.797 Executing VM operation: HandshakeAllThreads (Deoptimize)
Event: 84.797 Executing VM operation: HandshakeAllThreads (Deoptimize) done
Event: 85.808 Executing VM operation: Cleanup
Event: 85.808 Executing VM operation: Cleanup done
Event: 86.594 Executing VM operation: HandshakeAllThreads (Deoptimize)
Event: 86.594 Executing VM operation: HandshakeAllThreads (Deoptimize) done
Event: 87.604 Executing VM operation: Cleanup
Event: 87.620 Executing VM operation: Cleanup done
Event: 88.630 Executing VM operation: Cleanup

Events (20 events):
Event: 62.568 Thread 0x000002bc54de3490 flushing nmethod 0x000002bc4132ea90
Event: 62.568 Thread 0x000002bc54de3490 flushing nmethod 0x000002bc4141b690
Event: 62.568 Thread 0x000002bc54de3490 flushing nmethod 0x000002bc4153f710
Event: 62.568 Thread 0x000002bc54de3490 flushing nmethod 0x000002bc41540210
Event: 62.568 Thread 0x000002bc54de3490 flushing nmethod 0x000002bc40414710
Event: 62.568 Thread 0x000002bc54de3490 flushing nmethod 0x000002bc40bfc590
Event: 62.568 Thread 0x000002bc54de3490 flushing nmethod 0x000002bc40c9f110
Event: 62.568 Thread 0x000002bc54de3490 flushing nmethod 0x000002bc40d82c90
Event: 62.568 Thread 0x000002bc54de3490 flushing nmethod 0x000002bc41192a10
Event: 62.568 Thread 0x000002bc54de3490 flushing nmethod 0x000002bc411b8810
Event: 62.568 Thread 0x000002bc54de3490 flushing nmethod 0x000002bc413d0e10
Event: 62.568 Thread 0x000002bc54de3490 flushing nmethod 0x000002bc413d1d10
Event: 62.568 Thread 0x000002bc54de3490 flushing nmethod 0x000002bc413efd10
Event: 62.568 Thread 0x000002bc54de3490 flushing nmethod 0x000002bc413f6890
Event: 63.284 Thread 0x000002bca0cc6800 Thread added: 0x000002bca0cc6800
Event: 63.512 Thread 0x000002bca0cc6800 Thread exited: 0x000002bca0cc6800
Event: 68.392 Thread 0x000002bca0cc45f0 Thread added: 0x000002bca0cc45f0
Event: 69.479 Thread 0x000002bca0cc45f0 Thread exited: 0x000002bca0cc45f0
Event: 78.335 Thread 0x000002bca0cc90e0 Thread added: 0x000002bca0cc90e0
Event: 78.928 Thread 0x000002bca0cc90e0 Thread exited: 0x000002bca0cc90e0


Dynamic libraries:
0x00007ff7776b0000 - 0x00007ff7776c0000 	C:\Program Files\Java\jdk-21.0.10\bin\java.exe
0x00007ffb8c120000 - 0x00007ffb8c386000 	C:\Windows\SYSTEM32\ntdll.dll
0x00007ffb8b0c0000 - 0x00007ffb8b189000 	C:\Windows\System32\KERNEL32.DLL
0x00007ffb89460000 - 0x00007ffb8985a000 	C:\Windows\System32\KERNELBASE.dll
0x00007ffb899e0000 - 0x00007ffb89b2c000 	C:\Windows\System32\ucrtbase.dll
0x00007ffb5bdf0000 - 0x00007ffb5be09000 	C:\Program Files\Java\jdk-21.0.10\bin\jli.dll
0x00007ffb60230000 - 0x00007ffb6024e000 	C:\Program Files\Java\jdk-21.0.10\bin\VCRUNTIME140.dll
0x00007ffb89e90000 - 0x00007ffb89f46000 	C:\Windows\System32\ADVAPI32.dll
0x00007ffb8bd10000 - 0x00007ffb8bdb9000 	C:\Windows\System32\msvcrt.dll
0x00007ffb8b1c0000 - 0x00007ffb8b26a000 	C:\Windows\System32\sechost.dll
0x00007ffb8a8f0000 - 0x00007ffb8aa08000 	C:\Windows\System32\RPCRT4.dll
0x00007ffb8b780000 - 0x00007ffb8b947000 	C:\Windows\System32\USER32.dll
0x00007ffb899b0000 - 0x00007ffb899d7000 	C:\Windows\System32\win32u.dll
0x00007ffb6ae70000 - 0x00007ffb6b102000 	C:\Windows\WinSxS\amd64_microsoft.windows.common-controls_6595b64144ccf1df_6.0.26100.8521_none_3e08b75ce33403b3\COMCTL32.dll
0x00007ffb8a8c0000 - 0x00007ffb8a8eb000 	C:\Windows\System32\GDI32.dll
0x00007ffb89d60000 - 0x00007ffb89e8b000 	C:\Windows\System32\gdi32full.dll
0x00007ffb893b0000 - 0x00007ffb89453000 	C:\Windows\System32\msvcp_win.dll
0x00007ffb74d00000 - 0x00007ffb74d0b000 	C:\Windows\SYSTEM32\VERSION.dll
0x00007ffb8bed0000 - 0x00007ffb8bf02000 	C:\Windows\System32\IMM32.DLL
0x00007ffb60390000 - 0x00007ffb6039c000 	C:\Program Files\Java\jdk-21.0.10\bin\vcruntime140_1.dll
0x00007ffb2e9f0000 - 0x00007ffb2ea7d000 	C:\Program Files\Java\jdk-21.0.10\bin\msvcp140.dll
0x00007ffab39a0000 - 0x00007ffab46c7000 	C:\Program Files\Java\jdk-21.0.10\bin\server\jvm.dll
0x00007ffb8be40000 - 0x00007ffb8bec0000 	C:\Windows\System32\WS2_32.dll
0x00007ffb89230000 - 0x00007ffb8928e000 	C:\Windows\SYSTEM32\POWRPROF.dll
0x00007ffb85980000 - 0x00007ffb859b6000 	C:\Windows\SYSTEM32\WINMM.dll
0x00007ffb89210000 - 0x00007ffb89224000 	C:\Windows\SYSTEM32\UMPDC.dll
0x00007ffb88120000 - 0x00007ffb8813b000 	C:\Windows\SYSTEM32\kernel.appcore.dll
0x00007ffb57790000 - 0x00007ffb5779a000 	C:\Program Files\Java\jdk-21.0.10\bin\jimage.dll
0x00007ffb86b00000 - 0x00007ffb86d42000 	C:\Windows\SYSTEM32\DBGHELP.DLL
0x00007ffb8b950000 - 0x00007ffb8bcd3000 	C:\Windows\System32\combase.dll
0x00007ffb8ac50000 - 0x00007ffb8ad29000 	C:\Windows\System32\OLEAUT32.dll
0x00007ffb66740000 - 0x00007ffb6677b000 	C:\Windows\SYSTEM32\dbgcore.DLL
0x00007ffb89cb0000 - 0x00007ffb89d58000 	C:\Windows\System32\bcryptPrimitives.dll
0x00007ffb57780000 - 0x00007ffb57790000 	C:\Program Files\Java\jdk-21.0.10\bin\instrument.dll
0x00007ffb57750000 - 0x00007ffb57771000 	C:\Program Files\Java\jdk-21.0.10\bin\java.dll
0x00007ffb8a130000 - 0x00007ffb8a8b4000 	C:\Windows\System32\SHELL32.dll
0x00007ffb86f40000 - 0x00007ffb877c0000 	C:\Windows\SYSTEM32\windows.storage.dll
0x00007ffb8adf0000 - 0x00007ffb8aee6000 	C:\Windows\System32\SHCORE.dll
0x00007ffb8aef0000 - 0x00007ffb8af57000 	C:\Windows\System32\shlwapi.dll
0x00007ffb892d0000 - 0x00007ffb892f9000 	C:\Windows\SYSTEM32\profapi.dll
0x00007ffb2c250000 - 0x00007ffb2c327000 	C:\Program Files\Java\jdk-21.0.10\bin\jsvml.dll
0x00007ffb4a0f0000 - 0x00007ffb4a108000 	C:\Program Files\Java\jdk-21.0.10\bin\zip.dll
0x00007ffb4a0d0000 - 0x00007ffb4a0e1000 	C:\Program Files\Java\jdk-21.0.10\bin\net.dll
0x00007ffb7f590000 - 0x00007ffb7f6b9000 	C:\Windows\SYSTEM32\WINHTTP.dll
0x00007ffb886b0000 - 0x00007ffb8871c000 	C:\Windows\system32\mswsock.dll
0x00007ffb4a090000 - 0x00007ffb4a0a6000 	C:\Program Files\Java\jdk-21.0.10\bin\nio.dll
0x00007ffb4a080000 - 0x00007ffb4a090000 	C:\Program Files\Java\jdk-21.0.10\bin\verify.dll
0x00007ffb577f0000 - 0x00007ffb57817000 	C:\Users\Admin\.gradle\native\660c5614fbf4a5f2a75b1949f50a0caf5cd603558e7d8a26e50b933a0cfb79d1\windows-amd64\native-platform.dll
0x00007ffb5d1f0000 - 0x00007ffb5d267000 	C:\Users\Admin\.gradle\native\0.2.8\x86_64-windows-gnu\gradle-fileevents.dll
0x00007ffb484a0000 - 0x00007ffb484aa000 	C:\Program Files\Java\jdk-21.0.10\bin\management.dll
0x00007ffb48490000 - 0x00007ffb4849c000 	C:\Program Files\Java\jdk-21.0.10\bin\management_ext.dll
0x00007ffb8bf10000 - 0x00007ffb8bf18000 	C:\Windows\System32\PSAPI.DLL
0x00007ffb87af0000 - 0x00007ffb87b23000 	C:\Windows\SYSTEM32\IPHLPAPI.DLL
0x00007ffb8bf20000 - 0x00007ffb8bf2a000 	C:\Windows\System32\NSI.dll
0x00007ffb48480000 - 0x00007ffb48489000 	C:\Program Files\Java\jdk-21.0.10\bin\extnet.dll
0x00007ffb88990000 - 0x00007ffb889ab000 	C:\Windows\SYSTEM32\CRYPTSP.dll
0x00007ffb88080000 - 0x00007ffb880b9000 	C:\Windows\system32\rsaenh.dll
0x00007ffb88760000 - 0x00007ffb88793000 	C:\Windows\SYSTEM32\USERENV.dll
0x00007ffb892a0000 - 0x00007ffb892ca000 	C:\Windows\SYSTEM32\bcrypt.dll
0x00007ffb889b0000 - 0x00007ffb889bc000 	C:\Windows\SYSTEM32\CRYPTBASE.dll
0x00007ffb45460000 - 0x00007ffb4546e000 	C:\Program Files\Java\jdk-21.0.10\bin\sunmscapi.dll
0x00007ffb89b30000 - 0x00007ffb89ca8000 	C:\Windows\System32\CRYPT32.dll
0x00007ffb88bb0000 - 0x00007ffb88be0000 	C:\Windows\SYSTEM32\ncrypt.dll
0x00007ffb88b60000 - 0x00007ffb88b9f000 	C:\Windows\SYSTEM32\NTASN1.dll
0x00007ffb48280000 - 0x00007ffb48288000 	C:\Windows\system32\wshunix.dll

dbghelp: loaded successfully - version: 4.0.5 - missing functions: none
symbol engine: initialized successfully - sym options: 0x614 - pdb path: .;C:\Program Files\Java\jdk-21.0.10\bin;C:\Windows\SYSTEM32;C:\Windows\WinSxS\amd64_microsoft.windows.common-controls_6595b64144ccf1df_6.0.26100.8521_none_3e08b75ce33403b3;C:\Program Files\Java\jdk-21.0.10\bin\server;C:\Users\Admin\.gradle\native\660c5614fbf4a5f2a75b1949f50a0caf5cd603558e7d8a26e50b933a0cfb79d1\windows-amd64;C:\Users\Admin\.gradle\native\0.2.8\x86_64-windows-gnu

VM Arguments:
jvm_args: --add-opens=java.base/java.lang=ALL-UNNAMED --add-opens=java.base/java.lang.invoke=ALL-UNNAMED --add-opens=java.base/java.util=ALL-UNNAMED --add-opens=java.prefs/java.util.prefs=ALL-UNNAMED --add-exports=jdk.compiler/com.sun.tools.javac.api=ALL-UNNAMED --add-exports=jdk.compiler/com.sun.tools.javac.util=ALL-UNNAMED --add-opens=java.base/java.util=ALL-UNNAMED --add-opens=java.prefs/java.util.prefs=ALL-UNNAMED --add-opens=java.base/java.nio.charset=ALL-UNNAMED --add-opens=java.base/java.net=ALL-UNNAMED --add-opens=java.base/java.util.concurrent=ALL-UNNAMED --add-opens=java.base/java.util.concurrent.atomic=ALL-UNNAMED --add-opens=java.xml/javax.xml.namespace=ALL-UNNAMED --add-opens=java.base/java.time=ALL-UNNAMED -Xmx2048m -Dfile.encoding=UTF-8 -Duser.country=US -Duser.language=en -Duser.variant -javaagent:C:\Users\Admin\.gradle\wrapper\dists\gradle-9.4.1-bin\arn2x92ynaizyzdaamcbpbhtj\gradle-9.4.1\lib\agents\gradle-instrumentation-agent-9.4.1.jar 
java_command: org.gradle.launcher.daemon.bootstrap.GradleDaemon 9.4.1
java_class_path (initial): C:\Users\Admin\.gradle\wrapper\dists\gradle-9.4.1-bin\arn2x92ynaizyzdaamcbpbhtj\gradle-9.4.1\lib\gradle-daemon-main-9.4.1.jar
Launcher Type: SUN_STANDARD

[Global flags]
     intx CICompilerCount                          = 4                                         {product} {ergonomic}
     uint ConcGCThreads                            = 3                                         {product} {ergonomic}
     uint G1ConcRefinementThreads                  = 10                                        {product} {ergonomic}
   size_t G1HeapRegionSize                         = 1048576                                   {product} {ergonomic}
    uintx GCDrainStackTargetSize                   = 64                                        {product} {ergonomic}
   size_t InitialHeapSize                          = 264241152                                 {product} {ergonomic}
   size_t MarkStackSize                            = 4194304                                   {product} {ergonomic}
   size_t MaxHeapSize                              = 2147483648                                {product} {command line}
   size_t MaxNewSize                               = 1287651328                                {product} {ergonomic}
   size_t MinHeapDeltaBytes                        = 1048576                                   {product} {ergonomic}
   size_t MinHeapSize                              = 8388608                                   {product} {ergonomic}
    uintx NonNMethodCodeHeapSize                   = 5839372                                {pd product} {ergonomic}
    uintx NonProfiledCodeHeapSize                  = 122909434                              {pd product} {ergonomic}
    uintx ProfiledCodeHeapSize                     = 122909434                              {pd product} {ergonomic}
    uintx ReservedCodeCacheSize                    = 251658240                              {pd product} {ergonomic}
     bool SegmentedCodeCache                       = true                                      {product} {ergonomic}
   size_t SoftMaxHeapSize                          = 2147483648                             {manageable} {ergonomic}
     bool UseCompressedOops                        = true                           {product lp64_product} {ergonomic}
     bool UseG1GC                                  = true                                      {product} {ergonomic}
     bool UseLargePagesIndividualAllocation        = false                                  {pd product} {ergonomic}

Logging:
Log output configuration:
 #0: stdout all=warning uptime,level,tags foldmultilines=false
 #1: stderr all=off uptime,level,tags foldmultilines=false

Environment Variables:
JAVA_HOME=C:\Program Files\Java\jdk-21.0.10
PATH=C:\Program Files\Java\jdk-21.0.10\bin;C:\Program Files\Common Files\Oracle\Java\javapath;C:\Program Files (x86)\VMware\VMware Workstation\bin\;D:\Program Files\Zulu\zulu-8\bin\;C:\Windows\system32;C:\Windows;C:\Windows\System32\Wbem;C:\Windows\System32\WindowsPowerShell\v1.0\;C:\Windows\System32\OpenSSH\;C:\ProgramData\chocolatey\bin;C:\Program Files (x86)\Windows Kits\10\Windows Performance Toolkit\;C:\Program Files\nodejs\;C:\ProgramData\mingw64\mingw64\bin;C:\Program Files\CMake\bin;C:\tools\vcpkg\installed\x64-windows\bin;C:\Program Files\GitHub CLI\;C:\ProgramData\chocolatey\lib\maven\apache-maven-3.9.12\bin;C:\Program Files\Git\cmd;C:\tools\vcpkg;C:\Program Files\Docker\Docker\resources\bin;C:\Program Files\Neovim\bin;C:\Program Files\k6\;C:\Program Files\Java\jdk-21.0.10\bin;C:\tools;C:\Program Files (x86)\VMware\VMware Workstation\bin\;D:\Program Files\Zulu\zulu-8\bin\;C:\Program Files\Common Files\Oracle\Java\javapath;C:\Windows\system32;C:\Windows;C:\Windows\System32\Wbem;C:\Windows\System32\WindowsPowerShell\v1.0\;C:\Windows\System32\OpenSSH\;C:\ProgramData\chocolatey\bin;C:\Program Files (x86)\Windows Kits\10\Windows Performance Toolkit\;C:\Program Files\nodejs\;C:\ProgramData\mingw64\mingw64\bin;C:\Program Files\CMake\bin;C:\tools\vcpkg\installed\x64-windows\bin;C:\Program Files\GitHub CLI\;C:\ProgramData\chocolatey\lib\maven\apache-maven-3.9.12\bin;C:\Program Files\Docker\Docker\resources\bin;C:\Program Files\Git\cmd;C:\Program Files\MySQL\MySQL Shell 8.0\bin\;C:\Users\Admin\AppData\Local\Programs\Python\Python310\Scripts\;C:\Users\Admin\AppData\Local\Programs\Python\Python310\;C:\Users\Admin\AppData\Local\Microsoft\WindowsApps;C:\Users\Admin\AppData\Roaming\npm;C:\Program Files\JetBrains\DataGrip 2025.2.4\bin;C:\Users\Admin\AppData\Local\Programs\Microsoft VS Code\bin;C:\Users\Admin\AppData\Local\Programs\Antigravity\bin;C:\Users\Admin\AppData\Local\Programs\Antigravity IDE\bin;C:\Program Files\PostgreSQL\18\bin;C:\Program Files\JetBrains\IntelliJ IDEA 2025.2.3\bin;C:\Users\Admin\.dotnet\tools
USERNAME=Admin
OS=Windows_NT
PROCESSOR_IDENTIFIER=Intel64 Family 6 Model 186 Stepping 2, GenuineIntel
TMP=C:\Users\Admin\AppData\Local\Temp
TEMP=C:\Users\Admin\AppData\Local\Temp




Periodic native trim disabled

---------------  S Y S T E M  ---------------

OS:
 Windows 11 , 64 bit Build 26100 (10.0.26100.8521)
OS uptime: 18 days 15:50 hours
Hyper-V role detected

CPU: total 12 (initial active 12) (6 cores per cpu, 2 threads per core) family 6 model 186 stepping 2 microcode 0x6134, cx8, cmov, fxsr, ht, mmx, 3dnowpref, sse, sse2, sse3, ssse3, sse4.1, sse4.2, popcnt, lzcnt, tsc, tscinvbit, avx, avx2, aes, erms, clmul, bmi1, bmi2, adx, sha, fma, vzeroupper, clflush, clflushopt, clwb, hv, serialize, rdtscp, rdpid, fsrm, f16c, cet_ibt, cet_ss
Processor Information for all 12 processors :
  Max Mhz: 2100, Current Mhz: 2100, Mhz Limit: 2100

Memory: 4k page, system-wide physical 16044M (763M free)
TotalPageFile size 38316M (AvailPageFile size 0M)
current process WorkingSet (physical memory assigned to process): 337M, peak: 542M
current process commit charge ("private bytes"): 673M, peak: 681M

vm_info: Java HotSpot(TM) 64-Bit Server VM (21.0.10+8-LTS-217) for windows-amd64 JRE (21.0.10+8-LTS-217), built on 2025-12-18T14:59:28Z by "mach5run" with MS VC++ 17.13 (VS2022)

END.
